ARM Linker, 4.1 [Build 791] [Standard]

==============================================================================

Section Cross References

    system_stm32f4xx.o(i.SystemCoreClockUpdate) refers to system_stm32f4xx.o(.data) for .data
    system_stm32f4xx.o(i.SystemInit) refers to system_stm32f4xx.o(i.SetSysClock) for SetSysClock
    startup_stm32f4xx.o(RESET) refers to startup_stm32f4xx.o(STACK) for __initial_sp
    startup_stm32f4xx.o(RESET) refers to startup_stm32f4xx.o(.text) for Reset_Handler
    startup_stm32f4xx.o(RESET) refers to stm32f4xx_it.o(i.NMI_Handler) for NMI_Handler
    startup_stm32f4xx.o(RESET) refers to stm32f4xx_it.o(i.HardFault_Handler) for HardFault_Handler
    startup_stm32f4xx.o(RESET) refers to stm32f4xx_it.o(i.MemManage_Handler) for MemManage_Handler
    startup_stm32f4xx.o(RESET) refers to stm32f4xx_it.o(i.BusFault_Handler) for BusFault_Handler
    startup_stm32f4xx.o(RESET) refers to stm32f4xx_it.o(i.UsageFault_Handler) for UsageFault_Handler
    startup_stm32f4xx.o(RESET) refers to port.o(.emb_text) for vPortSVCHandler
    startup_stm32f4xx.o(RESET) refers to stm32f4xx_it.o(i.DebugMon_Handler) for DebugMon_Handler
    startup_stm32f4xx.o(RESET) refers to stm32f4xx_it.o(i.SysTick_Handler) for SysTick_Handler
    startup_stm32f4xx.o(RESET) refers to stm32f4xx_it.o(i.EXTI3_IRQHandler) for EXTI3_IRQHandler
    startup_stm32f4xx.o(RESET) refers to stm32f4xx_it.o(i.CAN1_TX_IRQHandler) for CAN1_TX_IRQHandler
    startup_stm32f4xx.o(RESET) refers to stm32f4xx_it.o(i.CAN1_RX0_IRQHandler) for CAN1_RX0_IRQHandler
    startup_stm32f4xx.o(RESET) refers to stm32f4xx_it.o(i.CAN1_RX1_IRQHandler) for CAN1_RX1_IRQHandler
    startup_stm32f4xx.o(RESET) refers to stm32f4xx_it.o(i.CAN1_SCE_IRQHandler) for CAN1_SCE_IRQHandler
    startup_stm32f4xx.o(RESET) refers to stm32f4xx_it.o(i.USART1_IRQHandler) for USART1_IRQHandler
    startup_stm32f4xx.o(RESET) refers to stm32f4xx_it.o(i.ETH_IRQHandler) for ETH_IRQHandler
    startup_stm32f4xx.o(.text) refers to system_stm32f4xx.o(i.SystemInit) for SystemInit
    startup_stm32f4xx.o(.text) refers to entry.o(.ARM.Collect$$$$00000000) for __main
    main.o(i.LCD_LED_Init) refers to stm324xg_eval_lcd.o(i.STM324xG_LCD_Init) for STM324xG_LCD_Init
    main.o(i.LCD_LED_Init) refers to stm324xg_eval.o(i.STM_EVAL_LEDInit) for STM_EVAL_LEDInit
    main.o(i.LCD_LED_Init) refers to stm324xg_eval_lcd.o(i.LCD_Clear) for LCD_Clear
    main.o(i.LCD_LED_Init) refers to stm324xg_eval_lcd.o(i.LCD_SetBackColor) for LCD_SetBackColor
    main.o(i.LCD_LED_Init) refers to stm324xg_eval_lcd.o(i.LCD_SetTextColor) for LCD_SetTextColor
    main.o(i.LCD_LED_Init) refers to stm324xg_eval_lcd.o(i.LCD_GetFont) for LCD_GetFont
    main.o(i.LCD_LED_Init) refers to stm324xg_eval_lcd.o(i.LCD_DisplayStringLine) for LCD_DisplayStringLine
    main.o(i.LCD_LED_Init) refers to stm324xg_eval_lcd.o(i.LCD_DisplayWelcomeStr) for LCD_DisplayWelcomeStr
    main.o(i.ToggleLed1) refers to stm324xg_eval.o(i.STM_EVAL_LEDToggle) for STM_EVAL_LEDToggle
    main.o(i.ToggleLed1) refers to tasks.o(i.vTaskDelay) for vTaskDelay
    main.o(i.ToggleLed2) refers to stm324xg_eval.o(i.STM_EVAL_LEDToggle) for STM_EVAL_LEDToggle
    main.o(i.ToggleLed2) refers to tasks.o(i.vTaskDelay) for vTaskDelay
    main.o(i.ToggleLed3) refers to stm324xg_eval.o(i.STM_EVAL_LEDToggle) for STM_EVAL_LEDToggle
    main.o(i.ToggleLed3) refers to tasks.o(i.vTaskDelay) for vTaskDelay
    main.o(i.ToggleLed4) refers to stm324xg_eval.o(i.STM_EVAL_LEDToggle) for STM_EVAL_LEDToggle
    main.o(i.ToggleLed4) refers to tasks.o(i.vTaskDelay) for vTaskDelay
    main.o(i.main) refers to printf.o(i.Printf_Init) for Printf_Init
    main.o(i.main) refers to printf5.o(i.__0printf$5) for __2printf
    main.o(i.main) refers to main.o(i.LCD_LED_Init) for LCD_LED_Init
    main.o(i.main) refers to can_func.o(i.CAN1_Config) for CAN1_Config
    main.o(i.main) refers to tasks.o(i.xTaskGenericCreate) for xTaskGenericCreate
    main.o(i.main) refers to tasks.o(i.vTaskStartScheduler) for vTaskStartScheduler
    main.o(i.main) refers to main.o(i.ToggleLed4) for ToggleLed4
    main.o(i.main) refers to can_func.o(i.can1Send) for can1Send
    main.o(i.main) refers to can_func.o(i.can1Rec) for can1Rec
    main.o(i.main) refers to can_func.o(i.doCommand) for doCommand
    netconf.o(i.LwIP_Init) refers to tcpip.o(i.tcpip_init) for tcpip_init
    netconf.o(i.LwIP_Init) refers to inet.o(i.htonl) for htonl
    netconf.o(i.LwIP_Init) refers to printf5.o(i.__0sprintf$5) for __2sprintf
    netconf.o(i.LwIP_Init) refers to stm324xg_eval_lcd.o(i.LCD_GetFont) for LCD_GetFont
    netconf.o(i.LwIP_Init) refers to stm324xg_eval_lcd.o(i.LCD_DisplayStringLine) for LCD_DisplayStringLine
    netconf.o(i.LwIP_Init) refers to printf5.o(i.__0printf$5) for __2printf
    netconf.o(i.LwIP_Init) refers to netif.o(i.netif_add) for netif_add
    netconf.o(i.LwIP_Init) refers to netif.o(i.netif_set_default) for netif_set_default
[...]
    ../../microlib/division.c                0x00000000   Number         0  uldiv.o ABSOLUTE
    ../../microlib/fpadd.c                   0x00000000   Number         0  dadd.o ABSOLUTE
    ../../microlib/fpdiv.c                   0x00000000   Number         0  ddiv.o ABSOLUTE
    ../../microlib/fpepilogue.c              0x00000000   Number         0  depilogue.o ABSOLUTE
    ../../microlib/fpfix.c                   0x00000000   Number         0  dfixul.o ABSOLUTE
    ../../microlib/fpflt.c                   0x00000000   Number         0  dfltui.o ABSOLUTE
    ../../microlib/fpflt.c                   0x00000000   Number         0  dflti.o ABSOLUTE
    ../../microlib/fpmul.c                   0x00000000   Number         0  dmul.o ABSOLUTE
    ../../microlib/init/entry.s              0x00000000   Number         0  entry.o ABSOLUTE
    ../../microlib/init/entry.s              0x00000000   Number         0  entry2.o ABSOLUTE
    ../../microlib/init/entry.s              0x00000000   Number         0  entry5.o ABSOLUTE
    ../../microlib/init/entry.s              0x00000000   Number         0  entry7a.o ABSOLUTE
    ../../microlib/init/entry.s              0x00000000   Number         0  entry7b.o ABSOLUTE
    ../../microlib/init/entry.s              0x00000000   Number         0  entry8.o ABSOLUTE
    ../../microlib/longlong.c                0x00000000   Number         0  llsshr.o ABSOLUTE
    ../../microlib/longlong.c                0x00000000   Number         0  llushr.o ABSOLUTE
    ../../microlib/longlong.c                0x00000000   Number         0  llshl.o ABSOLUTE
    ../../microlib/printf/printf.c           0x00000000   Number         0  printf5.o ABSOLUTE
    ../../microlib/printf/printf.c           0x00000000   Number         0  printf6.o ABSOLUTE
    ../../microlib/printf/printf.c           0x00000000   Number         0  printf4.o ABSOLUTE
    ../../microlib/printf/printf.c           0x00000000   Number         0  printf3.o ABSOLUTE
    ../../microlib/printf/printf.c           0x00000000   Number         0  printf2.o ABSOLUTE
    ../../microlib/printf/printf.c           0x00000000   Number         0  printfb.o ABSOLUTE
    ../../microlib/printf/printf.c           0x00000000   Number         0  printf1.o ABSOLUTE
    ../../microlib/printf/printf.c           0x00000000   Number         0  printf0.o ABSOLUTE
    ../../microlib/printf/printf.c           0x00000000   Number         0  printfa.o ABSOLUTE
    ../../microlib/printf/printf.c           0x00000000   Number         0  printf8.o ABSOLUTE
    ../../microlib/printf/printf.c           0x00000000   Number         0  printf7.o ABSOLUTE
    ../../microlib/printf/stubs.s            0x00000000   Number         0  stubs.o ABSOLUTE
    ../../microlib/stdio/streams.c           0x00000000   Number         0  stdout.o ABSOLUTE
    ../../microlib/string/memcmp.c           0x00000000   Number         0  memcmp.o ABSOLUTE
    ../../microlib/string/memcpy.c           0x00000000   Number         0  memcpyb.o ABSOLUTE
    ../../microlib/string/memcpy.c           0x00000000   Number         0  memcpya.o ABSOLUTE
    ../../microlib/string/memset.c           0x00000000   Number         0  memseta.o ABSOLUTE
    ../../microlib/string/strcat.c           0x00000000   Number         0  strcat.o ABSOLUTE
    ../../microlib/string/strcmp.c           0x00000000   Number         0  strcmp.o ABSOLUTE
    ../../microlib/string/strlen.c           0x00000000   Number         0  strlen.o ABSOLUTE
    ../../microlib/string/strncmp.c          0x00000000   Number         0  strncmp.o ABSOLUTE
    ../../microlib/string/strncpy.c          0x00000000   Number         0  strncpy.o ABSOLUTE
    ../../microlib/stubs.s                   0x00000000   Number         0  iusefp.o ABSOLUTE
    ..\..\..\..\Libraries\STM32F4x7_ETH_Driver\src\stm32f4x7_eth.c 0x00000000   Number         0  stm32f4x7_eth.o ABSOLUTE
    ..\..\..\..\Libraries\STM32F4xx_StdPeriph_Driver\src\misc.c 0x00000000   Number         0  misc.o ABSOLUTE
    ..\..\..\..\Libraries\STM32F4xx_StdPeriph_Driver\src\stm32f4xx_adc.c 0x00000000   Number         0  stm32f4xx_adc.o ABSOLUTE
    ..\..\..\..\Libraries\STM32F4xx_StdPeriph_Driver\src\stm32f4xx_can.c 0x00000000   Number         0  stm32f4xx_can.o ABSOLUTE
    ..\..\..\..\Libraries\STM32F4xx_StdPeriph_Driver\src\stm32f4xx_dma.c 0x00000000   Number         0  stm32f4xx_dma.o ABSOLUTE
    ..\..\..\..\Libraries\STM32F4xx_StdPeriph_Driver\src\stm32f4xx_exti.c 0x00000000   Number         0  stm32f4xx_exti.o ABSOLUTE
    ..\..\..\..\Libraries\STM32F4xx_StdPeriph_Driver\src\stm32f4xx_flash.c 0x00000000   Number         0  stm32f4xx_flash.o ABSOLUTE
    ..\..\..\..\Libraries\STM32F4xx_StdPeriph_Driver\src\stm32f4xx_fsmc.c 0x00000000   Number         0  stm32f4xx_fsmc.o ABSOLUTE
    ..\..\..\..\Libraries\STM32F4xx_StdPeriph_Driver\src\stm32f4xx_gpio.c 0x00000000   Number         0  stm32f4xx_gpio.o ABSOLUTE
    ..\..\..\..\Libraries\STM32F4xx_StdPeriph_Driver\src\stm32f4xx_i2c.c 0x00000000   Number         0  stm32f4xx_i2c.o ABSOLUTE
    ..\..\..\..\Libraries\STM32F4xx_StdPeriph_Driver\src\stm32f4xx_rcc.c 0x00000000   Number         0  stm32f4xx_rcc.o ABSOLUTE
    ..\..\..\..\Libraries\STM32F4xx_StdPeriph_Driver\src\stm32f4xx_sdio.c 0x00000000   Number         0  stm32f4xx_sdio.o ABSOLUTE
    ..\..\..\..\Libraries\STM32F4xx_StdPeriph_Driver\src\stm32f4xx_syscfg.c 0x00000000   Number         0  stm32f4xx_syscfg.o ABSOLUTE
    ..\..\..\..\Libraries\STM32F4xx_StdPeriph_Driver\src\stm32f4xx_tim.c 0x00000000   Number         0  stm32f4xx_tim.o ABSOLUTE
    ..\..\..\..\Libraries\STM32F4xx_StdPeriph_Driver\src\stm32f4xx_usart.c 0x00000000   Number         0  stm32f4xx_usart.o ABSOLUTE
    ..\..\..\..\Utilities\STM32_EVAL\Common\Printf.c 0x00000000   Number         0  printf.o ABSOLUTE
    ..\..\..\..\Utilities\STM32_EVAL\STM3240_41_G_EVAL\stm324xg_eval.c 0x00000000   Number         0  stm324xg_eval.o ABSOLUTE
    ..\..\..\..\Utilities\STM32_EVAL\STM3240_41_G_EVAL\stm324xg_eval_lcd.c 0x00000000   Number         0  stm324xg_eval_lcd.o ABSOLUTE
    ..\..\..\..\Utilities\Third_Party\FreeRTOS_v6.1.0\croutine.c 0x00000000   Number         0  croutine.o ABSOLUTE
    ..\..\..\..\Utilities\Third_Party\FreeRTOS_v6.1.0\list.c 0x00000000   Number         0  list.o ABSOLUTE
    ..\..\..\..\Utilities\Third_Party\FreeRTOS_v6.1.0\portable\MDK-ARM\ARM_CM3\port.c 0x00000000   Number         0  port.o ABSOLUTE
    ..\..\..\..\Utilities\Third_Party\FreeRTOS_v6.1.0\portable\MemMang\heap_2.c 0x00000000   Number         0  heap_2.o ABSOLUTE
    ..\..\..\..\Utilities\Third_Party\FreeRTOS_v6.1.0\queue.c 0x00000000   Number         0  queue.o ABSOLUTE
    ..\..\..\..\Utilities\Third_Party\FreeRTOS_v6.1.0\tasks.c 0x00000000   Number         0  tasks.o ABSOLUTE
    ..\..\..\..\Utilities\Third_Party\lwip_v1.3.2\port\STM32F4x7\FreeRTOS\ethernetif.c 0x00000000   Number         0  ethernetif.o ABSOLUTE
    ..\..\..\..\Utilities\Third_Party\lwip_v1.3.2\port\STM32F4x7\FreeRTOS\sys_arch.c 0x00000000   Number         0  sys_arch.o ABSOLUTE
    ..\..\..\..\Utilities\Third_Party\lwip_v1.3.2\src\api\api_lib.c 0x00000000   Number         0  api_lib.o ABSOLUTE
    ..\..\..\..\Utilities\Third_Party\lwip_v1.3.2\src\api\api_msg.c 0x00000000   Number         0  api_msg.o ABSOLUTE
    ..\..\..\..\Utilities\Third_Party\lwip_v1.3.2\src\api\err.c 0x00000000   Number         0  err.o ABSOLUTE
    ..\..\..\..\Utilities\Third_Party\lwip_v1.3.2\src\api\netbuf.c 0x00000000   Number         0  netbuf.o ABSOLUTE
    ..\..\..\..\Utilities\Third_Party\lwip_v1.3.2\src\api\netdb.c 0x00000000   Number         0  netdb.o ABSOLUTE
    ..\..\..\..\Utilities\Third_Party\lwip_v1.3.2\src\api\netifapi.c 0x00000000   Number         0  netifapi.o ABSOLUTE
    ..\..\..\..\Utilities\Third_Party\lwip_v1.3.2\src\api\sockets.c 0x00000000   Number         0  sockets.o ABSOLUTE
    ..\..\..\..\Utilities\Third_Party\lwip_v1.3.2\src\api\tcpip.c 0x00000000   Number         0  tcpip.o ABSOLUTE
    ..\..\..\..\Utilities\Third_Party\lwip_v1.3.2\src\core\dhcp.c 0x00000000   Number         0  dhcp.o ABSOLUTE
    ..\..\..\..\Utilities\Third_Party\lwip_v1.3.2\src\core\dns.c 0x00000000   Number         0  dns.o ABSOLUTE
    ..\..\..\..\Utilities\Third_Party\lwip_v1.3.2\src\core\init.c 0x00000000   Number         0  init.o ABSOLUTE
    ..\..\..\..\Utilities\Third_Party\lwip_v1.3.2\src\core\ipv4\autoip.c 0x00000000   Number         0  autoip.o ABSOLUTE
    ..\..\..\..\Utilities\Third_Party\lwip_v1.3.2\src\core\ipv4\icmp.c 0x00000000   Number         0  icmp.o ABSOLUTE
    ..\..\..\..\Utilities\Third_Party\lwip_v1.3.2\src\core\ipv4\igmp.c 0x00000000   Number         0  igmp.o ABSOLUTE
    ..\..\..\..\Utilities\Third_Party\lwip_v1.3.2\src\core\ipv4\inet.c 0x00000000   Number         0  inet.o ABSOLUTE
    ..\..\..\..\Utilities\Third_Party\lwip_v1.3.2\src\core\ipv4\inet_chksum.c 0x00000000   Number         0  inet_chksum.o ABSOLUTE
    ..\..\..\..\Utilities\Third_Party\lwip_v1.3.2\src\core\ipv4\ip.c 0x00000000   Number         0  ip.o ABSOLUTE
    ..\..\..\..\Utilities\Third_Party\lwip_v1.3.2\src\core\ipv4\ip_addr.c 0x00000000   Number         0  ip_addr.o ABSOLUTE
    ..\..\..\..\Utilities\Third_Party\lwip_v1.3.2\src\core\ipv4\ip_frag.c 0x00000000   Number         0  ip_frag.o ABSOLUTE
    ..\..\..\..\Utilities\Third_Party\lwip_v1.3.2\src\core\mem.c 0x00000000   Number         0  mem.o ABSOLUTE
    ..\..\..\..\Utilities\Third_Party\lwip_v1.3.2\src\core\memp.c 0x00000000   Number         0  memp.o ABSOLUTE
    ..\..\..\..\Utilities\Third_Party\lwip_v1.3.2\src\core\netif.c 0x00000000   Number         0  netif.o ABSOLUTE
    ..\..\..\..\Utilities\Third_Party\lwip_v1.3.2\src\core\pbuf.c 0x00000000   Number         0  pbuf.o ABSOLUTE
    ..\..\..\..\Utilities\Third_Party\lwip_v1.3.2\src\core\raw.c 0x00000000   Number         0  raw.o ABSOLUTE
    ..\..\..\..\Utilities\Third_Party\lwip_v1.3.2\src\core\stats.c 0x00000000   Number         0  stats.o ABSOLUTE
    ..\..\..\..\Utilities\Third_Party\lwip_v1.3.2\src\core\sys.c 0x00000000   Number         0  sys.o ABSOLUTE
    ..\..\..\..\Utilities\Third_Party\lwip_v1.3.2\src\core\tcp.c 0x00000000   Number         0  tcp.o ABSOLUTE
    ..\..\..\..\Utilities\Third_Party\lwip_v1.3.2\src\core\tcp_in.c 0x00000000   Number         0  tcp_in.o ABSOLUTE
    ..\..\..\..\Utilities\Third_Party\lwip_v1.3.2\src\core\tcp_out.c 0x00000000   Number         0  tcp_out.o ABSOLUTE
    ..\..\..\..\Utilities\Third_Party\lwip_v1.3.2\src\core\udp.c 0x00000000   Number         0  udp.o ABSOLUTE
    ..\..\..\..\Utilities\Third_Party\lwip_v1.3.2\src\netif\etharp.c 0x00000000   Number         0  etharp.o ABSOLUTE
    ..\..\..\..\Utilities\Third_Party\lwip_v1.3.2\src\netif\loopif.c 0x00000000   Number         0  loopif.o ABSOLUTE
    ..\..\..\..\Utilities\Third_Party\lwip_v1.3.2\src\netif\slipif.c 0x00000000   Number         0  slipif.o ABSOLUTE
    ..\\..\\..\\..\\Libraries\\STM32F4x7_ETH_Driver\\src\\stm32f4x7_eth.c 0x00000000   Number         0  stm32f4x7_eth.o ABSOLUTE
    ..\\..\\..\\..\\Libraries\\STM32F4xx_StdPeriph_Driver\\src\\misc.c 0x00000000   Number         0  misc.o ABSOLUTE
    ..\\..\\..\\..\\Libraries\\STM32F4xx_StdPeriph_Driver\\src\\stm32f4xx_adc.c 0x00000000   Number         0  stm32f4xx_adc.o ABSOLUTE
    ..\\..\\..\\..\\Libraries\\STM32F4xx_StdPeriph_Driver\\src\\stm32f4xx_can.c 0x00000000   Number         0  stm32f4xx_can.o ABSOLUTE
    ..\\..\\..\\..\\Libraries\\STM32F4xx_StdPeriph_Driver\\src\\stm32f4xx_dma.c 0x00000000   Number         0  stm32f4xx_dma.o ABSOLUTE
    ..\\..\\..\\..\\Libraries\\STM32F4xx_StdPeriph_Driver\\src\\stm32f4xx_exti.c 0x00000000   Number         0  stm32f4xx_exti.o ABSOLUTE
    ..\\..\\..\\..\\Libraries\\STM32F4xx_StdPeriph_Driver\\src\\stm32f4xx_flash.c 0x00000000   Number         0  stm32f4xx_flash.o ABSOLUTE
    ..\\..\\..\\..\\Libraries\\STM32F4xx_StdPeriph_Driver\\src\\stm32f4xx_fsmc.c 0x00000000   Number         0  stm32f4xx_fsmc.o ABSOLUTE
    ..\\..\\..\\..\\Libraries\\STM32F4xx_StdPeriph_Driver\\src\\stm32f4xx_gpio.c 0x00000000   Number         0  stm32f4xx_gpio.o ABSOLUTE
    ..\\..\\..\\..\\Libraries\\STM32F4xx_StdPeriph_Driver\\src\\stm32f4xx_i2c.c 0x00000000   Number         0  stm32f4xx_i2c.o ABSOLUTE
    ..\\..\\..\\..\\Libraries\\STM32F4xx_StdPeriph_Driver\\src\\stm32f4xx_rcc.c 0x00000000   Number         0  stm32f4xx_rcc.o ABSOLUTE
    ..\\..\\..\\..\\Libraries\\STM32F4xx_StdPeriph_Driver\\src\\stm32f4xx_sdio.c 0x00000000   Number         0  stm32f4xx_sdio.o ABSOLUTE
    ..\\..\\..\\..\\Libraries\\STM32F4xx_StdPeriph_Driver\\src\\stm32f4xx_syscfg.c 0x00000000   Number         0  stm32f4xx_syscfg.o ABSOLUTE
    ..\\..\\..\\..\\Libraries\\STM32F4xx_StdPeriph_Driver\\src\\stm32f4xx_tim.c 0x00000000   Number         0  stm32f4xx_tim.o ABSOLUTE
    ..\\..\\..\\..\\Libraries\\STM32F4xx_StdPeriph_Driver\\src\\stm32f4xx_usart.c 0x00000000   Number         0  stm32f4xx_usart.o ABSOLUTE
    ..\\..\\..\\..\\Utilities\\STM32_EVAL\\Common\\Printf.c 0x00000000   Number         0  printf.o ABSOLUTE
    ..\\..\\..\\..\\Utilities\\STM32_EVAL\\STM3240_41_G_EVAL\\stm324xg_eval.c 0x00000000   Number         0  stm324xg_eval.o ABSOLUTE
    ..\\..\\..\\..\\Utilities\\STM32_EVAL\\STM3240_41_G_EVAL\\stm324xg_eval_lcd.c 0x00000000   Number         0  stm324xg_eval_lcd.o ABSOLUTE
    ..\\..\\..\\..\\Utilities\\Third_Party\\FreeRTOS_v6.1.0\\portable\\MDK-ARM\\ARM_CM3\\port.c 0x00000000   Number         0  port.o ABSOLUTE
    ..\\..\\..\\..\\Utilities\\Third_Party\\lwip_v1.3.2\\port\\STM32F4x7\\FreeRTOS\\ethernetif.c 0x00000000   Number         0  ethernetif.o ABSOLUTE
    ..\\src\\can_bus.c                       0x00000000   Number         0  can_bus.o ABSOLUTE
    ..\\src\\can_func.c                      0x00000000   Number         0  can_func.o ABSOLUTE
    ..\\src\\main.c                          0x00000000   Number         0  main.o ABSOLUTE
    ..\\src\\netconf.c                       0x00000000   Number         0  netconf.o ABSOLUTE
    ..\\src\\parking.c                       0x00000000   Number         0  parking.o ABSOLUTE
    ..\\src\\serial_debug.c                  0x00000000   Number         0  serial_debug.o ABSOLUTE
    ..\\src\\stm32f4x7_eth_bsp.c             0x00000000   Number         0  stm32f4x7_eth_bsp.o ABSOLUTE
    ..\\src\\stm32f4xx_it.c                  0x00000000   Number         0  stm32f4xx_it.o ABSOLUTE
    ..\\src\\system_stm32f4xx.c              0x00000000   Number         0  system_stm32f4xx.o ABSOLUTE
    ..\\src\\timer_func.c                    0x00000000   Number         0  timer_func.o ABSOLUTE
    ..\src\can_bus.c                         0x00000000   Number         0  can_bus.o ABSOLUTE
    ..\src\can_func.c                        0x00000000   Number         0  can_func.o ABSOLUTE
    ..\src\fs.c                              0x00000000   Number         0  fs.o ABSOLUTE
    ..\src\httpserver-socket.c               0x00000000   Number         0  httpserver-socket.o ABSOLUTE
    ..\src\main.c                            0x00000000   Number         0  main.o ABSOLUTE
    ..\src\netconf.c                         0x00000000   Number         0  netconf.o ABSOLUTE
    ..\src\parking.c                         0x00000000   Number         0  parking.o ABSOLUTE
    ..\src\serial_debug.c                    0x00000000   Number         0  serial_debug.o ABSOLUTE
    ..\src\stm32f4x7_eth_bsp.c               0x00000000   Number         0  stm32f4x7_eth_bsp.o ABSOLUTE
    ..\src\stm32f4xx_it.c                    0x00000000   Number         0  stm32f4xx_it.o ABSOLUTE
    ..\src\system_stm32f4xx.c                0x00000000   Number         0  system_stm32f4xx.o ABSOLUTE
    ..\src\timer_func.c                      0x00000000   Number         0  timer_func.o ABSOLUTE
    cdcmple.s                                0x00000000   Number         0  cdcmple.o ABSOLUTE
    cdrcmple.s                               0x00000000   Number         0  cdrcmple.o ABSOLUTE
    dc.s                                     0x00000000   Number         0  dc.o ABSOLUTE
    handlers.s                               0x00000000   Number         0  handlers.o ABSOLUTE
    init.s                                   0x00000000   Number         0  init.o ABSOLUTE
    startup_stm32f4xx.s                      0x00000000   Number         0  startup_stm32f4xx.o ABSOLUTE
    RESET                                    0x08000000   Section      392  startup_stm32f4xx.o(RESET)
    .ARM.Collect$$$$00000000                 0x08000188   Section        0  entry.o(.ARM.Collect$$$$00000000)
    .ARM.Collect$$$$00000001                 0x08000188   Section        4  entry2.o(.ARM.Collect$$$$00000001)
    .ARM.Collect$$$$00000004                 0x0800018c   Section        4  entry5.o(.ARM.Collect$$$$00000004)
    .ARM.Collect$$$$00000008                 0x08000190   Section        0  entry7b.o(.ARM.Collect$$$$00000008)
    .ARM.Collect$$$$00000009                 0x08000190   Section        8  entry8.o(.ARM.Collect$$$$00000009)
    .ARM.Collect$$$$00002712                 0x08000198   Section        4  entry2.o(.ARM.Collect$$$$00002712)
    __lit__00000000                          0x08000198   Data           4  entry2.o(.ARM.Collect$$$$00002712)
    .emb_text                                0x0800019c   Section      136  port.o(.emb_text)
    .text                                    0x08000224   Section       36  startup_stm32f4xx.o(.text)
    .text                                    0x08000248   Section        0  memcpya.o(.text)
    .text                                    0x0800026c   Section        0  memseta.o(.text)
    .text                                    0x08000292   Section        0  strncpy.o(.text)
    .text                                    0x080002aa   Section        0  uldiv.o(.text)
    .text                                    0x0800030c   Section       36  init.o(.text)
    .text                                    0x08000330   Section        0  llshl.o(.text)
    .text                                    0x0800034e   Section        0  llushr.o(.text)
    i.BusFault_Handler                       0x08000370   Section        0  stm32f4xx_it.o(i.BusFault_Handler)
    i.CAN1_Config                            0x08000390   Section        0  can_func.o(i.CAN1_Config)
    i.CAN1_RX0_IRQHandler                    0x080004a8   Section        0  stm32f4xx_it.o(i.CAN1_RX0_IRQHandler)
    i.CAN1_RX1_IRQHandler                    0x08000548   Section        0  stm32f4xx_it.o(i.CAN1_RX1_IRQHandler)
    i.CAN1_SCE_IRQHandler                    0x080005d4   Section        0  stm32f4xx_it.o(i.CAN1_SCE_IRQHandler)
    i.CAN1_TX_IRQHandler                     0x080006e0   Section        0  stm32f4xx_it.o(i.CAN1_TX_IRQHandler)
    i.CAN_ClearITPendingBit                  0x08000778   Section        0  stm32f4xx_can.o(i.CAN_ClearITPendingBit)
    i.CAN_DeInit                             0x080007f0   Section        0  stm32f4xx_can.o(i.CAN_DeInit)
    i.CAN_FIFORelease                        0x0800081c   Section        0  stm32f4xx_can.o(i.CAN_FIFORelease)
    i.CAN_FilterInit                         0x08000834   Section        0  stm32f4xx_can.o(i.CAN_FilterInit)
    i.CAN_GetITStatus                        0x080008f8   Section        0  stm32f4xx_can.o(i.CAN_GetITStatus)
    i.CAN_ITConfig                           0x080009ac   Section        0  stm32f4xx_can.o(i.CAN_ITConfig)
    i.CAN_Init                               0x080009bc   Section        0  stm32f4xx_can.o(i.CAN_Init)
    i.CAN_Receive                            0x08000aa4   Section        0  stm32f4xx_can.o(i.CAN_Receive)
    i.CAN_StructInit                         0x08000b34   Section        0  stm32f4xx_can.o(i.CAN_StructInit)
    i.CAN_Transmit                           0x08000b54   Section        0  stm32f4xx_can.o(i.CAN_Transmit)
    i.CAN_TransmitStatus                     0x08000bfc   Section        0  stm32f4xx_can.o(i.CAN_TransmitStatus)
    i.Can1_InterruptConfig                   0x08000c6c   Section        0  can_func.o(i.Can1_InterruptConfig)
    i.CheckITStatus                          0x08000ce0   Section        0  stm32f4xx_can.o(i.CheckITStatus)
    CheckITStatus                            0x08000ce1   Thumb Code    12  stm32f4xx_can.o(i.CheckITStatus)
    i.DebugMon_Handler                       0x08000cec   Section        0  stm32f4xx_it.o(i.DebugMon_Handler)
    i.ETH_DMAClearITPendingBit               0x08000cf0   Section        0  stm32f4x7_eth.o(i.ETH_DMAClearITPendingBit)
    i.ETH_GetDMAFlagStatus                   0x08000cfc   Section        0  stm32f4x7_eth.o(i.ETH_GetDMAFlagStatus)
    i.ETH_IRQHandler                         0x08000d10   Section        0  stm32f4xx_it.o(i.ETH_IRQHandler)
    i.ETH_ReadPHYRegister                    0x08000d4c   Section        0  stm32f4x7_eth.o(i.ETH_ReadPHYRegister)
    i.EXTI3_IRQHandler                       0x08000d9c   Section        0  stm32f4xx_it.o(i.EXTI3_IRQHandler)
    i.EXTI_ClearITPendingBit                 0x08000dbc   Section        0  stm32f4xx_exti.o(i.EXTI_ClearITPendingBit)
    i.EXTI_GetITStatus                       0x08000dc8   Section        0  stm32f4xx_exti.o(i.EXTI_GetITStatus)
    i.Eth_Link_ITHandler                     0x08000de8   Section        0  stm32f4x7_eth_bsp.o(i.Eth_Link_ITHandler)
    i.FSMC_NORSRAMCmd                        0x08000ea4   Section        0  stm32f4xx_fsmc.o(i.FSMC_NORSRAMCmd)
    i.FSMC_NORSRAMInit                       0x08000ec4   Section        0  stm32f4xx_fsmc.o(i.FSMC_NORSRAMInit)
    i.GPIO_Configuration                     0x08000f84   Section        0  can_func.o(i.GPIO_Configuration)
    i.GPIO_DeInit                            0x08000ffc   Section        0  stm32f4xx_gpio.o(i.GPIO_DeInit)
    i.GPIO_Init                              0x080010e0   Section        0  stm32f4xx_gpio.o(i.GPIO_Init)
    i.GPIO_PinAFConfig                       0x0800115c   Section        0  stm32f4xx_gpio.o(i.GPIO_PinAFConfig)
    i.GPIO_SetBits                           0x0800117c   Section        0  stm32f4xx_gpio.o(i.GPIO_SetBits)
    i.HardFault_Handler                      0x08001180   Section        0  stm32f4xx_it.o(i.HardFault_Handler)
    i.LCD_Clear                              0x080011a0   Section        0  stm324xg_eval_lcd.o(i.LCD_Clear)
    i.LCD_CtrlLinesConfig                    0x080011c8   Section        0  stm324xg_eval_lcd.o(i.LCD_CtrlLinesConfig)
    i.LCD_DisplayChar                        0x08001334   Section        0  stm324xg_eval_lcd.o(i.LCD_DisplayChar)
    i.LCD_DisplayStringLine                  0x08001354   Section        0  stm324xg_eval_lcd.o(i.LCD_DisplayStringLine)
    i.LCD_DisplayWelcomeStr                  0x0800138c   Section        0  stm324xg_eval_lcd.o(i.LCD_DisplayWelcomeStr)
    i.LCD_DrawChar                           0x080013c0   Section        0  stm324xg_eval_lcd.o(i.LCD_DrawChar)
    i.LCD_DrawChinaChar                      0x08001458   Section        0  stm324xg_eval_lcd.o(i.LCD_DrawChinaChar)
    i.LCD_FSMCConfig                         0x080014c2   Section        0  stm324xg_eval_lcd.o(i.LCD_FSMCConfig)
    i.LCD_GetFont                            0x08001530   Section        0  stm324xg_eval_lcd.o(i.LCD_GetFont)
    i.LCD_LED_Init                           0x0800153c   Section        0  main.o(i.LCD_LED_Init)
    i.LCD_ReadReg                            0x0800161c   Section        0  stm324xg_eval_lcd.o(i.LCD_ReadReg)
    i.LCD_SetBackColor                       0x08001628   Section        0  stm324xg_eval_lcd.o(i.LCD_SetBackColor)
    i.LCD_SetColors                          0x08001634   Section        0  stm324xg_eval_lcd.o(i.LCD_SetColors)
    i.LCD_SetCursor                          0x08001640   Section        0  stm324xg_eval_lcd.o(i.LCD_SetCursor)
    i.LCD_SetTextColor                       0x08001698   Section        0  stm324xg_eval_lcd.o(i.LCD_SetTextColor)
    i.LCD_WriteReg                           0x080016a4   Section        0  stm324xg_eval_lcd.o(i.LCD_WriteReg)
    i.MemManage_Handler                      0x080016b0   Section        0  stm32f4xx_it.o(i.MemManage_Handler)
    i.NMI_Handler                            0x080016d0   Section        0  stm32f4xx_it.o(i.NMI_Handler)
    i.NVIC_Init                              0x080016d4   Section        0  misc.o(i.NVIC_Init)
    i.Printf_Init                            0x08001738   Section        0  printf.o(i.Printf_Init)
    i.RCC_AHB1PeriphClockCmd                 0x08001798   Section        0  stm32f4xx_rcc.o(i.RCC_AHB1PeriphClockCmd)
    i.RCC_AHB1PeriphResetCmd                 0x080017b0   Section        0  stm32f4xx_rcc.o(i.RCC_AHB1PeriphResetCmd)
    i.RCC_AHB3PeriphClockCmd                 0x080017c8   Section        0  stm32f4xx_rcc.o(i.RCC_AHB3PeriphClockCmd)
    i.RCC_APB1PeriphClockCmd                 0x080017e0   Section        0  stm32f4xx_rcc.o(i.RCC_APB1PeriphClockCmd)
    i.RCC_APB1PeriphResetCmd                 0x080017f8   Section        0  stm32f4xx_rcc.o(i.RCC_APB1PeriphResetCmd)
    i.RCC_APB2PeriphClockCmd                 0x08001810   Section        0  stm32f4xx_rcc.o(i.RCC_APB2PeriphClockCmd)
    i.RCC_GetClocksFreq                      0x08001828   Section        0  stm32f4xx_rcc.o(i.RCC_GetClocksFreq)
    i.STM324xG_LCD_Init                      0x080018c0   Section        0  stm324xg_eval_lcd.o(i.STM324xG_LCD_Init)
    i.STM_EVAL_COMInit                       0x08002034   Section        0  stm324xg_eval.o(i.STM_EVAL_COMInit)
    i.STM_EVAL_LEDInit                       0x08002110   Section        0  stm324xg_eval.o(i.STM_EVAL_LEDInit)
    i.STM_EVAL_LEDToggle                     0x08002158   Section        0  stm324xg_eval.o(i.STM_EVAL_LEDToggle)
    i.SetSysClock                            0x08002174   Section        0  system_stm32f4xx.o(i.SetSysClock)
    SetSysClock                              0x08002175   Thumb Code   140  system_stm32f4xx.o(i.SetSysClock)
    i.SysTick_Handler                        0x08002210   Section        0  stm32f4xx_it.o(i.SysTick_Handler)
    i.SystemCoreClockUpdate                  0x0800225c   Section        0  system_stm32f4xx.o(i.SystemCoreClockUpdate)
    i.SystemInit                             0x080022d8   Section        0  system_stm32f4xx.o(i.SystemInit)
    i.ToggleLed4                             0x08002328   Section        0  main.o(i.ToggleLed4)
    i.USART1_IRQHandler                      0x08002338   Section        0  stm32f4xx_it.o(i.USART1_IRQHandler)
    i.USART_ClearITPendingBit                0x08002398   Section        0  stm32f4xx_usart.o(i.USART_ClearITPendingBit)
    i.USART_Cmd                              0x080023a4   Section        0  stm32f4xx_usart.o(i.USART_Cmd)
    i.USART_GetFlagStatus                    0x080023b8   Section        0  stm32f4xx_usart.o(i.USART_GetFlagStatus)
    i.USART_GetITStatus                      0x080023c6   Section        0  stm32f4xx_usart.o(i.USART_GetITStatus)
    i.USART_ITConfig                         0x08002404   Section        0  stm32f4xx_usart.o(i.USART_ITConfig)
    i.USART_Init                             0x08002434   Section        0  stm32f4xx_usart.o(i.USART_Init)
    i.USART_ReceiveData                      0x080024ec   Section        0  stm32f4xx_usart.o(i.USART_ReceiveData)
    i.USART_SendData                         0x080024f4   Section        0  stm32f4xx_usart.o(i.USART_SendData)
    i.UsageFault_Handler                     0x080024fc   Section        0  stm32f4xx_it.o(i.UsageFault_Handler)
    i.__0printf$5                            0x0800251c   Section        0  printf5.o(i.__0printf$5)
    i.__scatterload_copy                     0x0800253c   Section       14  handlers.o(i.__scatterload_copy)
    i.__scatterload_null                     0x0800254a   Section        2  handlers.o(i.__scatterload_null)
    i.__scatterload_zeroinit                 0x0800254c   Section       14  handlers.o(i.__scatterload_zeroinit)
    i._printf_core                           0x0800255c   Section        0  printf5.o(i._printf_core)
    _printf_core                             0x0800255d   Thumb Code   676  printf5.o(i._printf_core)
    i.can1Rec                                0x0800282c   Section        0  can_func.o(i.can1Rec)
    i.can1Send                               0x08002880   Section        0  can_func.o(i.can1Send)
    i.delay                                  0x08002900   Section        0  stm324xg_eval_lcd.o(i.delay)
    delay                                    0x08002901   Thumb Code    14  stm324xg_eval_lcd.o(i.delay)
    i.doCommand                              0x08002914   Section        0  can_func.o(i.doCommand)
    i.fputc                                  0x08002940   Section        0  printf.o(i.fputc)
    i.main                                   0x08002964   Section        0  main.o(i.main)
    i.prvCheckTasksWaitingTermination        0x08002b74   Section        0  tasks.o(i.prvCheckTasksWaitingTermination)
    prvCheckTasksWaitingTermination          0x08002b75   Thumb Code    86  tasks.o(i.prvCheckTasksWaitingTermination)
    i.prvCopyDataFromQueue                   0x08002bd4   Section        0  queue.o(i.prvCopyDataFromQueue)
    prvCopyDataFromQueue                     0x08002bd5   Thumb Code    42  queue.o(i.prvCopyDataFromQueue)
    i.prvCopyDataToQueue                     0x08002bfe   Section        0  queue.o(i.prvCopyDataToQueue)
    prvCopyDataToQueue                       0x08002bff   Thumb Code    90  queue.o(i.prvCopyDataToQueue)
    i.prvIdleTask                            0x08002c58   Section        0  tasks.o(i.prvIdleTask)
    prvIdleTask                              0x08002c59   Thumb Code    20  tasks.o(i.prvIdleTask)
    i.prvUnlockQueue                         0x08002c70   Section        0  queue.o(i.prvUnlockQueue)
    prvUnlockQueue                           0x08002c71   Thumb Code   100  queue.o(i.prvUnlockQueue)
    i.pvPortMalloc                           0x08002cd4   Section        0  heap_2.o(i.pvPortMalloc)
    i.pxPortInitialiseStack                  0x08002d84   Section        0  port.o(i.pxPortInitialiseStack)
    i.vListInitialise                        0x08002da0   Section        0  list.o(i.vListInitialise)
    i.vListInitialiseItem                    0x08002db6   Section        0  list.o(i.vListInitialiseItem)
    i.vListInsert                            0x08002dbc   Section        0  list.o(i.vListInsert)
    i.vListInsertEnd                         0x08002dec   Section        0  list.o(i.vListInsertEnd)
    i.vListRemove                            0x08002e08   Section        0  list.o(i.vListRemove)
    i.vPortEnterCritical                     0x08002e2c   Section        0  port.o(i.vPortEnterCritical)
    i.vPortExitCritical                      0x08002e40   Section        0  port.o(i.vPortExitCritical)
    i.vPortFree                              0x08002e54   Section        0  heap_2.o(i.vPortFree)
    i.vPortYieldFromISR                      0x08002e90   Section        0  port.o(i.vPortYieldFromISR)
    i.vTaskDelay                             0x08002ea0   Section        0  tasks.o(i.vTaskDelay)
    i.vTaskIncrementTick                     0x08002ee8   Section        0  tasks.o(i.vTaskIncrementTick)
    i.vTaskMissedYield                       0x08002f64   Section        0  tasks.o(i.vTaskMissedYield)
    i.vTaskPlaceOnEventList                  0x08002f70   Section        0  tasks.o(i.vTaskPlaceOnEventList)
    i.vTaskPriorityDisinherit                0x08002fc4   Section        0  tasks.o(i.vTaskPriorityDisinherit)
    i.vTaskPriorityInherit                   0x0800300c   Section        0  tasks.o(i.vTaskPriorityInherit)
    i.vTaskSetTimeOutState                   0x08003070   Section        0  tasks.o(i.vTaskSetTimeOutState)
    i.vTaskStartScheduler                    0x08003080   Section        0  tasks.o(i.vTaskStartScheduler)
    i.vTaskSuspendAll                        0x080030c4   Section        0  tasks.o(i.vTaskSuspendAll)
    i.vTaskSwitchContext                     0x080030d4   Section        0  tasks.o(i.vTaskSwitchContext)
    i.xPortStartScheduler                    0x0800315c   Section        0  port.o(i.xPortStartScheduler)
    i.xPortSysTickHandler                    0x08003198   Section        0  port.o(i.xPortSysTickHandler)
    i.xQueueCreate                           0x080031b8   Section        0  queue.o(i.xQueueCreate)
    i.xQueueCreateMutex                      0x08003216   Section        0  queue.o(i.xQueueCreateMutex)
    i.xQueueGenericReceive                   0x0800325c   Section        0  queue.o(i.xQueueGenericReceive)
    i.xQueueGenericSend                      0x08003364   Section        0  queue.o(i.xQueueGenericSend)
    i.xQueueGenericSendFromISR               0x08003436   Section        0  queue.o(i.xQueueGenericSendFromISR)
    i.xTaskCheckForTimeOut                   0x0800348c   Section        0  tasks.o(i.xTaskCheckForTimeOut)
    i.xTaskGenericCreate                     0x080034d8   Section        0  tasks.o(i.xTaskGenericCreate)
    i.xTaskGetCurrentTaskHandle              0x08003640   Section        0  tasks.o(i.xTaskGetCurrentTaskHandle)
    i.xTaskRemoveFromEventList               0x0800364c   Section        0  tasks.o(i.xTaskRemoveFromEventList)
    i.xTaskResumeAll                         0x080036ac   Section        0  tasks.o(i.xTaskResumeAll)
    .constdata                               0x0800375c   Section     4560  stm324xg_eval_lcd.o(.constdata)
    .constdata                               0x0800492c   Section      936  stm324xg_eval_lcd.o(.constdata)
    .constdata                               0x08004cd4   Section      128  stm324xg_eval.o(.constdata)
    .data                                    0x20000000   Section       20  system_stm32f4xx.o(.data)
    .data                                    0x20000014   Section        8  stm32f4x7_eth_bsp.o(.data)
    .data                                    0x2000001c   Section        1  can_bus.o(.data)
    .data                                    0x20000020   Section       16  can_func.o(.data)
    .data                                    0x20000030   Section        1  can_func.o(.data)
    .data                                    0x20000031   Section        1  timer_func.o(.data)
    .data                                    0x20000032   Section        2  timer_func.o(.data)
    .data                                    0x20000034   Section        1  timer_func.o(.data)
    .data                                    0x20000038   Section       12  ethernetif.o(.data)
    s_pxNetIf                                0x20000038   Data           4  ethernetif.o(.data)
    xTxSemaphore                             0x20000040   Data           4  ethernetif.o(.data)
    .data                                    0x20000044   Section       16  stm32f4xx_rcc.o(.data)
    APBAHBPrescTable                         0x20000044   Data          16  stm32f4xx_rcc.o(.data)
    .data                                    0x20000054   Section       20  stm324xg_eval_lcd.o(.data)
    LCD_Currentfonts                         0x2000005c   Data           4  stm324xg_eval_lcd.o(.data)
    .data                                    0x20000068   Section       60  stm324xg_eval.o(.data)
    .data                                    0x200000a4   Section        4  port.o(.data)
    uxCriticalNesting                        0x200000a4   Data           4  port.o(.data)
    .data                                    0x200000a8   Section       24  heap_2.o(.data)
    xFreeBytesRemaining                      0x200000a8   Data           4  heap_2.o(.data)
    xHeapHasBeenInitialised                  0x200000ac   Data           4  heap_2.o(.data)
    xStart                                   0x200000b0   Data           8  heap_2.o(.data)
    xEnd                                     0x200000b8   Data           8  heap_2.o(.data)
    .data                                    0x200000c0   Section       76  tasks.o(.data)
    uxTasksDeleted                           0x200000c4   Data           4  tasks.o(.data)
    uxCurrentNumberOfTasks                   0x200000c8   Data           4  tasks.o(.data)
    xTickCount                               0x200000cc   Data           4  tasks.o(.data)
    uxTopUsedPriority                        0x200000d0   Data           4  tasks.o(.data)
    uxTopReadyPriority                       0x200000d4   Data           4  tasks.o(.data)
    xSchedulerRunning                        0x200000d8   Data           4  tasks.o(.data)
    uxSchedulerSuspended                     0x200000dc   Data           4  tasks.o(.data)
    uxMissedTicks                            0x200000e0   Data           4  tasks.o(.data)
    xMissedYield                             0x200000e4   Data           4  tasks.o(.data)
    xNumOfOverflows                          0x200000e8   Data           4  tasks.o(.data)
    uxTaskNumber                             0x200000ec   Data           4  tasks.o(.data)
    xTracing                                 0x200000f0   Data           4  tasks.o(.data)
    uxPreviousTask                           0x200000f4   Data           4  tasks.o(.data)
    pxDelayedTaskList                        0x200000f8   Data           4  tasks.o(.data)
    pxOverflowDelayedTaskList                0x200000fc   Data           4  tasks.o(.data)
    pcTraceBuffer                            0x20000100   Data           4  tasks.o(.data)
    pcTraceBufferStart                       0x20000104   Data           4  tasks.o(.data)
    pcTraceBufferEnd                         0x20000108   Data           4  tasks.o(.data)
    .data                                    0x2000010c   Section        4  stdout.o(.data)
    .bss                                     0x20000110   Section     4160  parking.o(.bss)
    .bss                                     0x20001150   Section    15360  heap_2.o(.bss)
    xHeap                                    0x20001150   Data       15360  heap_2.o(.bss)
    .bss                                     0x20004d50   Section      290  tasks.o(.bss)
    pxReadyTasksLists                        0x20004d50   Data         140  tasks.o(.bss)
    xDelayedTaskList1                        0x20004ddc   Data          20  tasks.o(.bss)
    xDelayedTaskList2                        0x20004df0   Data          20  tasks.o(.bss)
    xPendingReadyList                        0x20004e04   Data          20  tasks.o(.bss)
    xTasksWaitingTermination                 0x20004e18   Data          20  tasks.o(.bss)
    xSuspendedTaskList                       0x20004e2c   Data          20  tasks.o(.bss)
    pcStatusString                           0x20004e40   Data          50  tasks.o(.bss)
    STACK                                    0x20004e78   Section     1024  startup_stm32f4xx.o(STACK)

    Global Symbols

    Symbol Name                              Value     Ov Type        Size  Object(Section)

    BuildAttributes$$THM_ISAv4$E$P$D$K$B$S$7EM$PE$A:L22UL41UL21$X:L11$S22US41US21$IEEE1$IW$USESV6$~STKCKD$USESV7$~SHL$OSPACE$ROPI$EBA8$MICROLIB$REQ8$PRES8$EABIv2 0x00000000   Number         0  anon$$obj.o ABSOLUTE
    __ARM_use_no_argv                        0x00000000   Number         0  main.o ABSOLUTE
    _printf_a                                0x00000000   Number         0  stubs.o ABSOLUTE
    _printf_c                                0x00000000   Number         0  stubs.o ABSOLUTE
    _printf_charcount                        0x00000000   Number         0  stubs.o ABSOLUTE
    _printf_d                                0x00000000   Number         0  stubs.o ABSOLUTE
    _printf_e                                0x00000000   Number         0  stubs.o ABSOLUTE
    _printf_f                                0x00000000   Number         0  stubs.o ABSOLUTE
    _printf_flags                            0x00000000   Number         0  stubs.o ABSOLUTE
    _printf_fp_dec                           0x00000000   Number         0  stubs.o ABSOLUTE
    _printf_fp_hex                           0x00000000   Number         0  stubs.o ABSOLUTE
    _printf_g                                0x00000000   Number         0  stubs.o ABSOLUTE
    _printf_i                                0x00000000   Number         0  stubs.o ABSOLUTE
    _printf_int_dec                          0x00000000   Number         0  stubs.o ABSOLUTE
    _printf_l                                0x00000000   Number         0  stubs.o ABSOLUTE
    _printf_lc                               0x00000000   Number         0  stubs.o ABSOLUTE
    _printf_ll                               0x00000000   Number         0  stubs.o ABSOLUTE
    _printf_lld                              0x00000000   Number         0  stubs.o ABSOLUTE
    _printf_lli                              0x00000000   Number         0  stubs.o ABSOLUTE
    _printf_llo                              0x00000000   Number         0  stubs.o ABSOLUTE
    _printf_llu                              0x00000000   Number         0  stubs.o ABSOLUTE
    _printf_llx                              0x00000000   Number         0  stubs.o ABSOLUTE
    _printf_longlong_dec                     0x00000000   Number         0  stubs.o ABSOLUTE
    _printf_longlong_hex                     0x00000000   Number         0  stubs.o ABSOLUTE
    _printf_longlong_oct                     0x00000000   Number         0  stubs.o ABSOLUTE
    _printf_ls                               0x00000000   Number         0  stubs.o ABSOLUTE
    _printf_mbtowc                           0x00000000   Number         0  stubs.o ABSOLUTE
    _printf_n                                0x00000000   Number         0  stubs.o ABSOLUTE
    _printf_o                                0x00000000   Number         0  stubs.o ABSOLUTE
    _printf_p                                0x00000000   Number         0  stubs.o ABSOLUTE
    _printf_percent                          0x00000000   Number         0  stubs.o ABSOLUTE
    _printf_pre_padding                      0x00000000   Number         0  stubs.o ABSOLUTE
    _printf_return_value                     0x00000000   Number         0  stubs.o ABSOLUTE
    _printf_s                                0x00000000   Number         0  stubs.o ABSOLUTE
    _printf_sizespec                         0x00000000   Number         0  stubs.o ABSOLUTE
    _printf_str                              0x00000000   Number         0  stubs.o ABSOLUTE
    _printf_truncate_signed                  0x00000000   Number         0  stubs.o ABSOLUTE
    _printf_truncate_unsigned                0x00000000   Number         0  stubs.o ABSOLUTE
    _printf_u                                0x00000000   Number         0  stubs.o ABSOLUTE
    _printf_wc                               0x00000000   Number         0  stubs.o ABSOLUTE
    _printf_wctomb                           0x00000000   Number         0  stubs.o ABSOLUTE
    _printf_widthprec                        0x00000000   Number         0  stubs.o ABSOLUTE
    _printf_x                                0x00000000   Number         0  stubs.o ABSOLUTE
    __decompress                              - Undefined Weak Reference
    _clock_init                               - Undefined Weak Reference
    __Vectors_Size                           0x00000188   Number         0  startup_stm32f4xx.o ABSOLUTE
    __Vectors                                0x08000000   Data           4  startup_stm32f4xx.o(RESET)
    __Vectors_End                            0x08000188   Data           0  startup_stm32f4xx.o(RESET)
    __main                                   0x08000189   Thumb Code     0  entry.o(.ARM.Collect$$$$00000000)
    _main_stk                                0x08000189   Thumb Code     0  entry2.o(.ARM.Collect$$$$00000001)
    _main_scatterload                        0x0800018d   Thumb Code     0  entry5.o(.ARM.Collect$$$$00000004)
    __main_after_scatterload                 0x08000191   Thumb Code     0  entry5.o(.ARM.Collect$$$$00000004)
    _main_clock                              0x08000191   Thumb Code     0  entry7b.o(.ARM.Collect$$$$00000008)
    _main_init                               0x08000191   Thumb Code     0  entry8.o(.ARM.Collect$$$$00000009)
    vPortSVCHandler                          0x0800019d   Thumb Code    28  port.o(.emb_text)
    vPortStartFirstTask                      0x080001bd   Thumb Code    12  port.o(.emb_text)
    xPortPendSVHandler                       0x080001cd   Thumb Code    56  port.o(.emb_text)
    vPortSetInterruptMask                    0x08000209   Thumb Code    14  port.o(.emb_text)
    vPortClearInterruptMask                  0x08000217   Thumb Code    14  port.o(.emb_text)
    Reset_Handler                            0x08000225   Thumb Code     8  startup_stm32f4xx.o(.text)
    ADC_IRQHandler                           0x0800023f   Thumb Code     0  startup_stm32f4xx.o(.text)
    CAN2_RX0_IRQHandler                      0x0800023f   Thumb Code     0  startup_stm32f4xx.o(.text)
    CAN2_RX1_IRQHandler                      0x0800023f   Thumb Code     0  startup_stm32f4xx.o(.text)
    CAN2_SCE_IRQHandler                      0x0800023f   Thumb Code     0  startup_stm32f4xx.o(.text)
    CAN2_TX_IRQHandler                       0x0800023f   Thumb Code     0  startup_stm32f4xx.o(.text)
    CRYP_IRQHandler                          0x0800023f   Thumb Code     0  startup_stm32f4xx.o(.text)
    DCMI_IRQHandler                          0x0800023f   Thumb Code     0  startup_stm32f4xx.o(.text)
    DMA1_Stream0_IRQHandler                  0x0800023f   Thumb Code     0  startup_stm32f4xx.o(.text)
    DMA1_Stream1_IRQHandler                  0x0800023f   Thumb Code     0  startup_stm32f4xx.o(.text)
    DMA1_Stream2_IRQHandler                  0x0800023f   Thumb Code     0  startup_stm32f4xx.o(.text)
    DMA1_Stream3_IRQHandler                  0x0800023f   Thumb Code     0  startup_stm32f4xx.o(.text)
    DMA1_Stream4_IRQHandler                  0x0800023f   Thumb Code     0  startup_stm32f4xx.o(.text)
    DMA1_Stream5_IRQHandler                  0x0800023f   Thumb Code     0  startup_stm32f4xx.o(.text)
    DMA1_Stream6_IRQHandler                  0x0800023f   Thumb Code     0  startup_stm32f4xx.o(.text)
    DMA1_Stream7_IRQHandler                  0x0800023f   Thumb Code     0  startup_stm32f4xx.o(.text)
    DMA2_Stream0_IRQHandler                  0x0800023f   Thumb Code     0  startup_stm32f4xx.o(.text)
    DMA2_Stream1_IRQHandler                  0x0800023f   Thumb Code     0  startup_stm32f4xx.o(.text)
    DMA2_Stream2_IRQHandler                  0x0800023f   Thumb Code     0  startup_stm32f4xx.o(.text)
    DMA2_Stream3_IRQHandler                  0x0800023f   Thumb Code     0  startup_stm32f4xx.o(.text)
    DMA2_Stream4_IRQHandler                  0x0800023f   Thumb Code     0  startup_stm32f4xx.o(.text)
    DMA2_Stream5_IRQHandler                  0x0800023f   Thumb Code     0  startup_stm32f4xx.o(.text)
    DMA2_Stream6_IRQHandler                  0x0800023f   Thumb Code     0  startup_stm32f4xx.o(.text)
    DMA2_Stream7_IRQHandler                  0x0800023f   Thumb Code     0  startup_stm32f4xx.o(.text)
    ETH_WKUP_IRQHandler                      0x0800023f   Thumb Code     0  startup_stm32f4xx.o(.text)
    EXTI0_IRQHandler                         0x0800023f   Thumb Code     0  startup_stm32f4xx.o(.text)
    EXTI15_10_IRQHandler                     0x0800023f   Thumb Code     0  startup_stm32f4xx.o(.text)
    EXTI1_IRQHandler                         0x0800023f   Thumb Code     0  startup_stm32f4xx.o(.text)
    EXTI2_IRQHandler                         0x0800023f   Thumb Code     0  startup_stm32f4xx.o(.text)
    EXTI4_IRQHandler                         0x0800023f   Thumb Code     0  startup_stm32f4xx.o(.text)
    EXTI9_5_IRQHandler                       0x0800023f   Thumb Code     0  startup_stm32f4xx.o(.text)
    FLASH_IRQHandler                         0x0800023f   Thumb Code     0  startup_stm32f4xx.o(.text)
    FPU_IRQHandler                           0x0800023f   Thumb Code     0  startup_stm32f4xx.o(.text)
    FSMC_IRQHandler                          0x0800023f   Thumb Code     0  startup_stm32f4xx.o(.text)
    HASH_RNG_IRQHandler                      0x0800023f   Thumb Code     0  startup_stm32f4xx.o(.text)
    I2C1_ER_IRQHandler                       0x0800023f   Thumb Code     0  startup_stm32f4xx.o(.text)
    I2C1_EV_IRQHandler                       0x0800023f   Thumb Code     0  startup_stm32f4xx.o(.text)
    I2C2_ER_IRQHandler                       0x0800023f   Thumb Code     0  startup_stm32f4xx.o(.text)
    I2C2_EV_IRQHandler                       0x0800023f   Thumb Code     0  startup_stm32f4xx.o(.text)
    I2C3_ER_IRQHandler                       0x0800023f   Thumb Code     0  startup_stm32f4xx.o(.text)
    I2C3_EV_IRQHandler                       0x0800023f   Thumb Code     0  startup_stm32f4xx.o(.text)
    OTG_FS_IRQHandler                        0x0800023f   Thumb Code     0  startup_stm32f4xx.o(.text)
    OTG_FS_WKUP_IRQHandler                   0x0800023f   Thumb Code     0  startup_stm32f4xx.o(.text)
    OTG_HS_EP1_IN_IRQHandler                 0x0800023f   Thumb Code     0  startup_stm32f4xx.o(.text)
    OTG_HS_EP1_OUT_IRQHandler                0x0800023f   Thumb Code     0  startup_stm32f4xx.o(.text)
    OTG_HS_IRQHandler                        0x0800023f   Thumb Code     0  startup_stm32f4xx.o(.text)
    OTG_HS_WKUP_IRQHandler                   0x0800023f   Thumb Code     0  startup_stm32f4xx.o(.text)
    PVD_IRQHandler                           0x0800023f   Thumb Code     0  startup_stm32f4xx.o(.text)
    RCC_IRQHandler                           0x0800023f   Thumb Code     0  startup_stm32f4xx.o(.text)
    RTC_Alarm_IRQHandler                     0x0800023f   Thumb Code     0  startup_stm32f4xx.o(.text)
    RTC_WKUP_IRQHandler                      0x0800023f   Thumb Code     0  startup_stm32f4xx.o(.text)
    SDIO_IRQHandler                          0x0800023f   Thumb Code     0  startup_stm32f4xx.o(.text)
    SPI1_IRQHandler                          0x0800023f   Thumb Code     0  startup_stm32f4xx.o(.text)
    SPI2_IRQHandler                          0x0800023f   Thumb Code     0  startup_stm32f4xx.o(.text)
    SPI3_IRQHandler                          0x0800023f   Thumb Code     0  startup_stm32f4xx.o(.text)
    TAMP_STAMP_IRQHandler                    0x0800023f   Thumb Code     0  startup_stm32f4xx.o(.text)
    TIM1_BRK_TIM9_IRQHandler                 0x0800023f   Thumb Code     0  startup_stm32f4xx.o(.text)
    TIM1_CC_IRQHandler                       0x0800023f   Thumb Code     0  startup_stm32f4xx.o(.text)
    TIM1_TRG_COM_TIM11_IRQHandler            0x0800023f   Thumb Code     0  startup_stm32f4xx.o(.text)
    TIM1_UP_TIM10_IRQHandler                 0x0800023f   Thumb Code     0  startup_stm32f4xx.o(.text)
    TIM2_IRQHandler                          0x0800023f   Thumb Code     0  startup_stm32f4xx.o(.text)
    TIM3_IRQHandler                          0x0800023f   Thumb Code     0  startup_stm32f4xx.o(.text)
    TIM4_IRQHandler                          0x0800023f   Thumb Code     0  startup_stm32f4xx.o(.text)
    TIM5_IRQHandler                          0x0800023f   Thumb Code     0  startup_stm32f4xx.o(.text)
    TIM6_DAC_IRQHandler                      0x0800023f   Thumb Code     0  startup_stm32f4xx.o(.text)
    TIM7_IRQHandler                          0x0800023f   Thumb Code     0  startup_stm32f4xx.o(.text)
    TIM8_BRK_TIM12_IRQHandler                0x0800023f   Thumb Code     0  startup_stm32f4xx.o(.text)
    TIM8_CC_IRQHandler                       0x0800023f   Thumb Code     0  startup_stm32f4xx.o(.text)
    TIM8_TRG_COM_TIM14_IRQHandler            0x0800023f   Thumb Code     0  startup_stm32f4xx.o(.text)
    TIM8_UP_TIM13_IRQHandler                 0x0800023f   Thumb Code     0  startup_stm32f4xx.o(.text)
    UART4_IRQHandler                         0x0800023f   Thumb Code     0  startup_stm32f4xx.o(.text)
    UART5_IRQHandler                         0x0800023f   Thumb Code     0  startup_stm32f4xx.o(.text)
    USART2_IRQHandler                        0x0800023f   Thumb Code     0  startup_stm32f4xx.o(.text)
    USART3_IRQHandler                        0x0800023f   Thumb Code     0  startup_stm32f4xx.o(.text)
    USART6_IRQHandler                        0x0800023f   Thumb Code     0  startup_stm32f4xx.o(.text)
    WWDG_IRQHandler                          0x0800023f   Thumb Code     0  startup_stm32f4xx.o(.text)
    __aeabi_memcpy                           0x08000249   Thumb Code    36  memcpya.o(.text)
    __aeabi_memcpy4                          0x08000249   Thumb Code     0  memcpya.o(.text)
    __aeabi_memcpy8                          0x08000249   Thumb Code     0  memcpya.o(.text)
    __aeabi_memset                           0x0800026d   Thumb Code    14  memseta.o(.text)
    __aeabi_memset4                          0x0800026d   Thumb Code     0  memseta.o(.text)
    __aeabi_memset8                          0x0800026d   Thumb Code     0  memseta.o(.text)
    __aeabi_memclr                           0x0800027b   Thumb Code     4  memseta.o(.text)
    __aeabi_memclr4                          0x0800027b   Thumb Code     0  memseta.o(.text)
    __aeabi_memclr8                          0x0800027b   Thumb Code     0  memseta.o(.text)
    _memset$wrapper                          0x0800027f   Thumb Code    20  memseta.o(.text)
    strncpy                                  0x08000293   Thumb Code    24  strncpy.o(.text)
    __aeabi_uldivmod                         0x080002ab   Thumb Code    98  uldiv.o(.text)
    __scatterload                            0x0800030d   Thumb Code    28  init.o(.text)
    __scatterload_rt2                        0x0800030d   Thumb Code     0  init.o(.text)
    __aeabi_llsl                             0x08000331   Thumb Code    30  llshl.o(.text)
    _ll_shift_l                              0x08000331   Thumb Code     0  llshl.o(.text)
    __aeabi_llsr                             0x0800034f   Thumb Code    32  llushr.o(.text)
    _ll_ushift_r                             0x0800034f   Thumb Code     0  llushr.o(.text)
    BusFault_Handler                         0x08000371   Thumb Code     8  stm32f4xx_it.o(i.BusFault_Handler)
    CAN1_Config                              0x08000391   Thumb Code   194  can_func.o(i.CAN1_Config)
    CAN1_RX0_IRQHandler                      0x080004a9   Thumb Code   120  stm32f4xx_it.o(i.CAN1_RX0_IRQHandler)
    CAN1_RX1_IRQHandler                      0x08000549   Thumb Code    88  stm32f4xx_it.o(i.CAN1_RX1_IRQHandler)
    CAN1_SCE_IRQHandler                      0x080005d5   Thumb Code   150  stm32f4xx_it.o(i.CAN1_SCE_IRQHandler)
    CAN1_TX_IRQHandler                       0x080006e1   Thumb Code    98  stm32f4xx_it.o(i.CAN1_TX_IRQHandler)
    CAN_ClearITPendingBit                    0x08000779   Thumb Code   116  stm32f4xx_can.o(i.CAN_ClearITPendingBit)
    CAN_DeInit                               0x080007f1   Thumb Code    38  stm32f4xx_can.o(i.CAN_DeInit)
    CAN_FIFORelease                          0x0800081d   Thumb Code    22  stm32f4xx_can.o(i.CAN_FIFORelease)
    CAN_FilterInit                           0x08000835   Thumb Code   192  stm32f4xx_can.o(i.CAN_FilterInit)
    CAN_GetITStatus                          0x080008f9   Thumb Code   174  stm32f4xx_can.o(i.CAN_GetITStatus)
    CAN_ITConfig                             0x080009ad   Thumb Code    16  stm32f4xx_can.o(i.CAN_ITConfig)
    CAN_Init                                 0x080009bd   Thumb Code   232  stm32f4xx_can.o(i.CAN_Init)
    CAN_Receive                              0x08000aa5   Thumb Code   144  stm32f4xx_can.o(i.CAN_Receive)
    CAN_StructInit                           0x08000b35   Thumb Code    32  stm32f4xx_can.o(i.CAN_StructInit)
    CAN_Transmit                             0x08000b55   Thumb Code   166  stm32f4xx_can.o(i.CAN_Transmit)
    CAN_TransmitStatus                       0x08000bfd   Thumb Code    90  stm32f4xx_can.o(i.CAN_TransmitStatus)
    Can1_InterruptConfig                     0x08000c6d   Thumb Code   112  can_func.o(i.Can1_InterruptConfig)
    DebugMon_Handler                         0x08000ced   Thumb Code     2  stm32f4xx_it.o(i.DebugMon_Handler)
    ETH_DMAClearITPendingBit                 0x08000cf1   Thumb Code     6  stm32f4x7_eth.o(i.ETH_DMAClearITPendingBit)
    ETH_GetDMAFlagStatus                     0x08000cfd   Thumb Code    16  stm32f4x7_eth.o(i.ETH_GetDMAFlagStatus)
    ETH_IRQHandler                           0x08000d11   Thumb Code    56  stm32f4xx_it.o(i.ETH_IRQHandler)
    ETH_ReadPHYRegister                      0x08000d4d   Thumb Code    70  stm32f4x7_eth.o(i.ETH_ReadPHYRegister)
    EXTI3_IRQHandler                         0x08000d9d   Thumb Code    30  stm32f4xx_it.o(i.EXTI3_IRQHandler)
    EXTI_ClearITPendingBit                   0x08000dbd   Thumb Code     6  stm32f4xx_exti.o(i.EXTI_ClearITPendingBit)
    EXTI_GetITStatus                         0x08000dc9   Thumb Code    28  stm32f4xx_exti.o(i.EXTI_GetITStatus)
    Eth_Link_ITHandler                       0x08000de9   Thumb Code   112  stm32f4x7_eth_bsp.o(i.Eth_Link_ITHandler)
    FSMC_NORSRAMCmd                          0x08000ea5   Thumb Code    28  stm32f4xx_fsmc.o(i.FSMC_NORSRAMCmd)
    FSMC_NORSRAMInit                         0x08000ec5   Thumb Code   192  stm32f4xx_fsmc.o(i.FSMC_NORSRAMInit)
    GPIO_Configuration                       0x08000f85   Thumb Code   110  can_func.o(i.GPIO_Configuration)
    GPIO_DeInit                              0x08000ffd   Thumb Code   192  stm32f4xx_gpio.o(i.GPIO_DeInit)
    GPIO_Init                                0x080010e1   Thumb Code   124  stm32f4xx_gpio.o(i.GPIO_Init)
    GPIO_PinAFConfig                         0x0800115d   Thumb Code    32  stm32f4xx_gpio.o(i.GPIO_PinAFConfig)
    GPIO_SetBits                             0x0800117d   Thumb Code     4  stm32f4xx_gpio.o(i.GPIO_SetBits)
    HardFault_Handler                        0x08001181   Thumb Code     8  stm32f4xx_it.o(i.HardFault_Handler)
    LCD_Clear                                0x080011a1   Thumb Code    38  stm324xg_eval_lcd.o(i.LCD_Clear)
    LCD_CtrlLinesConfig                      0x080011c9   Thumb Code   342  stm324xg_eval_lcd.o(i.LCD_CtrlLinesConfig)
    LCD_DisplayChar                          0x08001335   Thumb Code    26  stm324xg_eval_lcd.o(i.LCD_DisplayChar)
    LCD_DisplayStringLine                    0x08001355   Thumb Code    50  stm324xg_eval_lcd.o(i.LCD_DisplayStringLine)
    LCD_DisplayWelcomeStr                    0x0800138d   Thumb Code    46  stm324xg_eval_lcd.o(i.LCD_DisplayWelcomeStr)
    LCD_DrawChar                             0x080013c1   Thumb Code   148  stm324xg_eval_lcd.o(i.LCD_DrawChar)
    LCD_DrawChinaChar                        0x08001459   Thumb Code   106  stm324xg_eval_lcd.o(i.LCD_DrawChinaChar)
    LCD_FSMCConfig                           0x080014c3   Thumb Code   110  stm324xg_eval_lcd.o(i.LCD_FSMCConfig)
    LCD_GetFont                              0x08001531   Thumb Code     6  stm324xg_eval_lcd.o(i.LCD_GetFont)
    LCD_LED_Init                             0x0800153d   Thumb Code   126  main.o(i.LCD_LED_Init)
    LCD_ReadReg                              0x0800161d   Thumb Code    10  stm324xg_eval_lcd.o(i.LCD_ReadReg)
    LCD_SetBackColor                         0x08001629   Thumb Code     6  stm324xg_eval_lcd.o(i.LCD_SetBackColor)
    LCD_SetColors                            0x08001635   Thumb Code     8  stm324xg_eval_lcd.o(i.LCD_SetColors)
    LCD_SetCursor                            0x08001641   Thumb Code    82  stm324xg_eval_lcd.o(i.LCD_SetCursor)
    LCD_SetTextColor                         0x08001699   Thumb Code     6  stm324xg_eval_lcd.o(i.LCD_SetTextColor)
    LCD_WriteReg                             0x080016a5   Thumb Code    10  stm324xg_eval_lcd.o(i.LCD_WriteReg)
    MemManage_Handler                        0x080016b1   Thumb Code     8  stm32f4xx_it.o(i.MemManage_Handler)
    NMI_Handler                              0x080016d1   Thumb Code     2  stm32f4xx_it.o(i.NMI_Handler)
    NVIC_Init                                0x080016d5   Thumb Code    92  misc.o(i.NVIC_Init)
    Printf_Init                              0x08001739   Thumb Code    90  printf.o(i.Printf_Init)
    RCC_AHB1PeriphClockCmd                   0x08001799   Thumb Code    18  stm32f4xx_rcc.o(i.RCC_AHB1PeriphClockCmd)
    RCC_AHB1PeriphResetCmd                   0x080017b1   Thumb Code    18  stm32f4xx_rcc.o(i.RCC_AHB1PeriphResetCmd)
    RCC_AHB3PeriphClockCmd                   0x080017c9   Thumb Code    18  stm32f4xx_rcc.o(i.RCC_AHB3PeriphClockCmd)
    RCC_APB1PeriphClockCmd                   0x080017e1   Thumb Code    18  stm32f4xx_rcc.o(i.RCC_APB1PeriphClockCmd)
    RCC_APB1PeriphResetCmd                   0x080017f9   Thumb Code    18  stm32f4xx_rcc.o(i.RCC_APB1PeriphResetCmd)
    RCC_APB2PeriphClockCmd                   0x08001811   Thumb Code    18  stm32f4xx_rcc.o(i.RCC_APB2PeriphClockCmd)
    RCC_GetClocksFreq                        0x08001829   Thumb Code   134  stm32f4xx_rcc.o(i.RCC_GetClocksFreq)
    STM324xG_LCD_Init                        0x080018c1   Thumb Code  1840  stm324xg_eval_lcd.o(i.STM324xG_LCD_Init)
    STM_EVAL_COMInit                         0x08002035   Thumb Code   212  stm324xg_eval.o(i.STM_EVAL_COMInit)
    STM_EVAL_LEDInit                         0x08002111   Thumb Code    62  stm324xg_eval.o(i.STM_EVAL_LEDInit)
    STM_EVAL_LEDToggle                       0x08002159   Thumb Code    20  stm324xg_eval.o(i.STM_EVAL_LEDToggle)
    SysTick_Handler                          0x08002211   Thumb Code    62  stm32f4xx_it.o(i.SysTick_Handler)
    SystemCoreClockUpdate                    0x0800225d   Thumb Code   106  system_stm32f4xx.o(i.SystemCoreClockUpdate)
    SystemInit                               0x080022d9   Thumb Code    62  system_stm32f4xx.o(i.SystemInit)
    ToggleLed4                               0x08002329   Thumb Code    14  main.o(i.ToggleLed4)
    USART1_IRQHandler                        0x08002339   Thumb Code    88  stm32f4xx_it.o(i.USART1_IRQHandler)
    USART_ClearITPendingBit                  0x08002399   Thumb Code    12  stm32f4xx_usart.o(i.USART_ClearITPendingBit)
    USART_Cmd                                0x080023a5   Thumb Code    20  stm32f4xx_usart.o(i.USART_Cmd)
    USART_GetFlagStatus                      0x080023b9   Thumb Code    14  stm32f4xx_usart.o(i.USART_GetFlagStatus)
    USART_GetITStatus                        0x080023c7   Thumb Code    62  stm32f4xx_usart.o(i.USART_GetITStatus)
    USART_ITConfig                           0x08002405   Thumb Code    48  stm32f4xx_usart.o(i.USART_ITConfig)
    USART_Init                               0x08002435   Thumb Code   174  stm32f4xx_usart.o(i.USART_Init)
    USART_ReceiveData                        0x080024ed   Thumb Code     8  stm32f4xx_usart.o(i.USART_ReceiveData)
    USART_SendData                           0x080024f5   Thumb Code     8  stm32f4xx_usart.o(i.USART_SendData)
    UsageFault_Handler                       0x080024fd   Thumb Code     8  stm32f4xx_it.o(i.UsageFault_Handler)
    __0printf$5                              0x0800251d   Thumb Code    22  printf5.o(i.__0printf$5)
    __1printf$5                              0x0800251d   Thumb Code     0  printf5.o(i.__0printf$5)
    __2printf                                0x0800251d   Thumb Code     0  printf5.o(i.__0printf$5)
    __scatterload_copy                       0x0800253d   Thumb Code    14  handlers.o(i.__scatterload_copy)
    __scatterload_null                       0x0800254b   Thumb Code     2  handlers.o(i.__scatterload_null)
    __scatterload_zeroinit                   0x0800254d   Thumb Code    14  handlers.o(i.__scatterload_zeroinit)
    can1Rec                                  0x0800282d   Thumb Code    74  can_func.o(i.can1Rec)
    can1Send                                 0x08002881   Thumb Code   110  can_func.o(i.can1Send)
    doCommand                                0x08002915   Thumb Code    34  can_func.o(i.doCommand)
    fputc                                    0x08002941   Thumb Code    30  printf.o(i.fputc)
    main                                     0x08002965   Thumb Code   168  main.o(i.main)
    pvPortMalloc                             0x08002cd5   Thumb Code   168  heap_2.o(i.pvPortMalloc)
    pxPortInitialiseStack                    0x08002d85   Thumb Code    28  port.o(i.pxPortInitialiseStack)
    vListInitialise                          0x08002da1   Thumb Code    22  list.o(i.vListInitialise)
    vListInitialiseItem                      0x08002db7   Thumb Code     6  list.o(i.vListInitialiseItem)
    vListInsert                              0x08002dbd   Thumb Code    48  list.o(i.vListInsert)
    vListInsertEnd                           0x08002ded   Thumb Code    28  list.o(i.vListInsertEnd)
    vListRemove                              0x08002e09   Thumb Code    36  list.o(i.vListRemove)
    vPortEnterCritical                       0x08002e2d   Thumb Code    16  port.o(i.vPortEnterCritical)
    vPortExitCritical                        0x08002e41   Thumb Code    16  port.o(i.vPortExitCritical)
    vPortFree                                0x08002e55   Thumb Code    56  heap_2.o(i.vPortFree)
    vPortYieldFromISR                        0x08002e91   Thumb Code    10  port.o(i.vPortYieldFromISR)
    vTaskDelay                               0x08002ea1   Thumb Code    68  tasks.o(i.vTaskDelay)
    vTaskIncrementTick                       0x08002ee9   Thumb Code   114  tasks.o(i.vTaskIncrementTick)
    vTaskMissedYield                         0x08002f65   Thumb Code     8  tasks.o(i.vTaskMissedYield)
    vTaskPlaceOnEventList                    0x08002f71   Thumb Code    74  tasks.o(i.vTaskPlaceOnEventList)
    vTaskPriorityDisinherit                  0x08002fc5   Thumb Code    64  tasks.o(i.vTaskPriorityDisinherit)
    vTaskPriorityInherit                     0x0800300d   Thumb Code    90  tasks.o(i.vTaskPriorityInherit)
    vTaskSetTimeOutState                     0x08003071   Thumb Code    12  tasks.o(i.vTaskSetTimeOutState)
    vTaskStartScheduler                      0x08003081   Thumb Code    50  tasks.o(i.vTaskStartScheduler)
    vTaskSuspendAll                          0x080030c5   Thumb Code    10  tasks.o(i.vTaskSuspendAll)
    vTaskSwitchContext                       0x080030d5   Thumb Code   126  tasks.o(i.vTaskSwitchContext)
    xPortStartScheduler                      0x0800315d   Thumb Code    46  port.o(i.xPortStartScheduler)
    xPortSysTickHandler                      0x08003199   Thumb Code    26  port.o(i.xPortSysTickHandler)
    xQueueCreate                             0x080031b9   Thumb Code    94  queue.o(i.xQueueCreate)
    xQueueCreateMutex                        0x08003217   Thumb Code    68  queue.o(i.xQueueCreateMutex)
    xQueueGenericReceive                     0x0800325d   Thumb Code   264  queue.o(i.xQueueGenericReceive)
    xQueueGenericSend                        0x08003365   Thumb Code   210  queue.o(i.xQueueGenericSend)
    xQueueGenericSendFromISR                 0x08003437   Thumb Code    84  queue.o(i.xQueueGenericSendFromISR)
    xTaskCheckForTimeOut                     0x0800348d   Thumb Code    72  tasks.o(i.xTaskCheckForTimeOut)
    xTaskGenericCreate                       0x080034d9   Thumb Code   352  tasks.o(i.xTaskGenericCreate)
    xTaskGetCurrentTaskHandle                0x08003641   Thumb Code     6  tasks.o(i.xTaskGetCurrentTaskHandle)
    xTaskRemoveFromEventList                 0x0800364d   Thumb Code    88  tasks.o(i.xTaskRemoveFromEventList)
    xTaskResumeAll                           0x080036ad   Thumb Code   168  tasks.o(i.xTaskResumeAll)
    ASCII16x24_Table                         0x0800375c   Data        4560  stm324xg_eval_lcd.o(.constdata)
    WelcomeStr                               0x0800492c   Data         936  stm324xg_eval_lcd.o(.constdata)
    COM_TX_PIN                               0x08004cd4   Data           4  stm324xg_eval.o(.constdata)
    COM_RX_PIN                               0x08004cd8   Data           4  stm324xg_eval.o(.constdata)
    COM_TX_PIN_SOURCE                        0x08004cdc   Data           4  stm324xg_eval.o(.constdata)
    COM_RX_PIN_SOURCE                        0x08004ce0   Data           4  stm324xg_eval.o(.constdata)
    COM_TX_AF                                0x08004ce4   Data           4  stm324xg_eval.o(.constdata)
    COM_RX_AF                                0x08004ce8   Data           4  stm324xg_eval.o(.constdata)
    GPIO_PIN                                 0x08004cec   Data           8  stm324xg_eval.o(.constdata)
    BUTTON_PIN                               0x08004cf4   Data           8  stm324xg_eval.o(.constdata)
    BUTTON_EXTI_LINE                         0x08004cfc   Data           8  stm324xg_eval.o(.constdata)
    BUTTON_PORT_SOURCE                       0x08004d04   Data           8  stm324xg_eval.o(.constdata)
    BUTTON_PIN_SOURCE                        0x08004d0c   Data           8  stm324xg_eval.o(.constdata)
    BUTTON_IRQn                              0x08004d14   Data           8  stm324xg_eval.o(.constdata)
    COM_USART_CLK                            0x08004d1c   Data           8  stm324xg_eval.o(.constdata)
    COM_TX_PORT_CLK                          0x08004d24   Data           8  stm324xg_eval.o(.constdata)
    COM_RX_PORT_CLK                          0x08004d2c   Data           8  stm324xg_eval.o(.constdata)
    GPIO_CLK                                 0x08004d34   Data          16  stm324xg_eval.o(.constdata)
    BUTTON_CLK                               0x08004d44   Data          16  stm324xg_eval.o(.constdata)
    Region$$Table$$Base                      0x08004d54   Number         0  anon$$obj.o(Region$$Table)
    Region$$Table$$Limit                     0x08004d74   Number         0  anon$$obj.o(Region$$Table)
    SystemCoreClock                          0x20000000   Data           4  system_stm32f4xx.o(.data)
    AHBPrescTable                            0x20000004   Data          16  system_stm32f4xx.o(.data)
    EthLinkStatus                            0x20000014   Data           1  stm32f4x7_eth_bsp.o(.data)
    EthInitStatus                            0x20000018   Data           4  stm32f4x7_eth_bsp.o(.data)
    dest_add                                 0x2000001c   Data           1  can_bus.o(.data)
    Can1TransmitMailbox                      0x20000020   Data           1  can_func.o(.data)
    xCan1RxDataQue                           0x20000024   Data           4  can_func.o(.data)
    xRxCMDQue                                0x20000028   Data           4  can_func.o(.data)
    xMutexAccessDevInfo                      0x2000002c   Data           4  can_func.o(.data)
    Can1TransmitStatus                       0x20000030   Data           1  can_func.o(.data)
    timeflag                                 0x20000031   Data           1  timer_func.o(.data)
    timer500mscouter                         0x20000032   Data           2  timer_func.o(.data)
    timer100mscouter                         0x20000034   Data           1  timer_func.o(.data)
    s_xSemaphore                             0x2000003c   Data           4  ethernetif.o(.data)
    TextColor                                0x20000054   Data           2  stm324xg_eval_lcd.o(.data)
    BackColor                                0x20000056   Data           2  stm324xg_eval_lcd.o(.data)
    DeviceCode                               0x20000058   Data           2  stm324xg_eval_lcd.o(.data)
    Font16x24                                0x20000060   Data           8  stm324xg_eval_lcd.o(.data)
    NVIC_InitStructure                       0x20000068   Data           4  stm324xg_eval.o(.data)
    COM_USART                                0x2000006c   Data           8  stm324xg_eval.o(.data)
    COM_TX_PORT                              0x20000074   Data           8  stm324xg_eval.o(.data)
    COM_RX_PORT                              0x2000007c   Data           8  stm324xg_eval.o(.data)
    GPIO_PORT                                0x20000084   Data          16  stm324xg_eval.o(.data)
    BUTTON_PORT                              0x20000094   Data          16  stm324xg_eval.o(.data)
    pxCurrentTCB                             0x200000c0   Data           4  tasks.o(.data)
    __stdout                                 0x2000010c   Data           4  stdout.o(.data)
    CarInf                                   0x20000110   Data          64  parking.o(.bss)
    DevInfo                                  0x20000150   Data        4096  parking.o(.bss)
    __initial_sp                             0x20005278   Data           0  startup_stm32f4xx.o(STACK)



==============================================================================

Memory Map of the image

  Image Entry point : 0x08000189

  Load Region LR_IROM1 (Base: 0x08000000, Size: 0x00004e84, Max: 0x00100000, ABSOLUTE)

    Execution Region ER_IROM1 (Base: 0x08000000, Size: 0x00004d74, Max: 0x00100000, ABSOLUTE)

    Base Addr    Size         Type   Attr      Idx    E Section Name        Object

    0x08000000   0x00000188   Data   RO          139    RESET               startup_stm32f4xx.o
    0x08000188   0x00000000   Code   RO         7004  * .ARM.Collect$$$$00000000  mc_w.l(entry.o)
    0x08000188   0x00000004   Code   RO         7294    .ARM.Collect$$$$00000001  mc_w.l(entry2.o)
    0x0800018c   0x00000004   Code   RO         7297    .ARM.Collect$$$$00000004  mc_w.l(entry5.o)
    0x08000190   0x00000000   Code   RO         7299    .ARM.Collect$$$$00000008  mc_w.l(entry7b.o)
    0x08000190   0x00000008   Code   RO         7300    .ARM.Collect$$$$00000009  mc_w.l(entry8.o)
    0x08000198   0x00000004   Code   RO         7295    .ARM.Collect$$$$00002712  mc_w.l(entry2.o)
    0x0800019c   0x00000088   Code   RO         6529    .emb_text           port.o
    0x08000224   0x00000024   Code   RO          140    .text               startup_stm32f4xx.o
    0x08000248   0x00000024   Code   RO         7007    .text               mc_w.l(memcpya.o)
    0x0800026c   0x00000026   Code   RO         7009    .text               mc_w.l(memseta.o)
    0x08000292   0x00000018   Code   RO         7013    .text               mc_w.l(strncpy.o)
    0x080002aa   0x00000062   Code   RO         7304    .text               mc_w.l(uldiv.o)
    0x0800030c   0x00000024   Code   RO         7317    .text               mc_w.l(init.o)
    0x08000330   0x0000001e   Code   RO         7319    .text               mc_w.l(llshl.o)
    0x0800034e   0x00000020   Code   RO         7321    .text               mc_w.l(llushr.o)
    0x0800036e   0x00000002   PAD
    0x08000370   0x00000020   Code   RO          457    i.BusFault_Handler  stm32f4xx_it.o
    0x08000390   0x00000118   Code   RO          702    i.CAN1_Config       can_func.o
    0x080004a8   0x000000a0   Code   RO          458    i.CAN1_RX0_IRQHandler  stm32f4xx_it.o
    0x08000548   0x0000008c   Code   RO          459    i.CAN1_RX1_IRQHandler  stm32f4xx_it.o
    0x080005d4   0x0000010c   Code   RO          460    i.CAN1_SCE_IRQHandler  stm32f4xx_it.o
    0x080006e0   0x00000098   Code   RO          461    i.CAN1_TX_IRQHandler  stm32f4xx_it.o
    0x08000778   0x00000078   Code   RO         4852    i.CAN_ClearITPendingBit  stm32f4xx_can.o
    0x080007f0   0x0000002c   Code   RO         4854    i.CAN_DeInit        stm32f4xx_can.o
    0x0800081c   0x00000016   Code   RO         4855    i.CAN_FIFORelease   stm32f4xx_can.o
    0x08000832   0x00000002   PAD
    0x08000834   0x000000c4   Code   RO         4856    i.CAN_FilterInit    stm32f4xx_can.o
    0x080008f8   0x000000b4   Code   RO         4858    i.CAN_GetITStatus   stm32f4xx_can.o
    0x080009ac   0x00000010   Code   RO         4862    i.CAN_ITConfig      stm32f4xx_can.o
    0x080009bc   0x000000e8   Code   RO         4863    i.CAN_Init          stm32f4xx_can.o
    0x08000aa4   0x00000090   Code   RO         4866    i.CAN_Receive       stm32f4xx_can.o
    0x08000b34   0x00000020   Code   RO         4869    i.CAN_StructInit    stm32f4xx_can.o
    0x08000b54   0x000000a6   Code   RO         4871    i.CAN_Transmit      stm32f4xx_can.o
    0x08000bfa   0x00000002   PAD
    0x08000bfc   0x00000070   Code   RO         4872    i.CAN_TransmitStatus  stm32f4xx_can.o
    0x08000c6c   0x00000074   Code   RO          703    i.Can1_InterruptConfig  can_func.o
    0x08000ce0   0x0000000c   Code   RO         4874    i.CheckITStatus     stm32f4xx_can.o
    0x08000cec   0x00000002   Code   RO          462    i.DebugMon_Handler  stm32f4xx_it.o
    0x08000cee   0x00000002   PAD
    0x08000cf0   0x0000000c   Code   RO         5555    i.ETH_DMAClearITPendingBit  stm32f4x7_eth.o
    0x08000cfc   0x00000014   Code   RO         5578    i.ETH_GetDMAFlagStatus  stm32f4x7_eth.o
    0x08000d10   0x0000003c   Code   RO          463    i.ETH_IRQHandler    stm32f4xx_it.o
    0x08000d4c   0x00000050   Code   RO         5623    i.ETH_ReadPHYRegister  stm32f4x7_eth.o
    0x08000d9c   0x0000001e   Code   RO          464    i.EXTI3_IRQHandler  stm32f4xx_it.o
    0x08000dba   0x00000002   PAD
    0x08000dbc   0x0000000c   Code   RO         3665    i.EXTI_ClearITPendingBit  stm32f4xx_exti.o
    0x08000dc8   0x00000020   Code   RO         3669    i.EXTI_GetITStatus  stm32f4xx_exti.o
    0x08000de8   0x000000bc   Code   RO          414    i.Eth_Link_ITHandler  stm32f4x7_eth_bsp.o
    0x08000ea4   0x00000020   Code   RO         3923    i.FSMC_NORSRAMCmd   stm32f4xx_fsmc.o
    0x08000ec4   0x000000c0   Code   RO         3925    i.FSMC_NORSRAMInit  stm32f4xx_fsmc.o
    0x08000f84   0x00000078   Code   RO          704    i.GPIO_Configuration  can_func.o
    0x08000ffc   0x000000e4   Code   RO         4036    i.GPIO_DeInit       stm32f4xx_gpio.o
    0x080010e0   0x0000007c   Code   RO         4037    i.GPIO_Init         stm32f4xx_gpio.o
    0x0800115c   0x00000020   Code   RO         4038    i.GPIO_PinAFConfig  stm32f4xx_gpio.o
    0x0800117c   0x00000004   Code   RO         4045    i.GPIO_SetBits      stm32f4xx_gpio.o
    0x08001180   0x00000020   Code   RO          465    i.HardFault_Handler  stm32f4xx_it.o
    0x080011a0   0x00000026   Code   RO         6069    i.LCD_Clear         stm324xg_eval_lcd.o
    0x080011c6   0x00000002   PAD
    0x080011c8   0x0000016c   Code   RO         6073    i.LCD_CtrlLinesConfig  stm324xg_eval_lcd.o
    0x08001334   0x00000020   Code   RO         6075    i.LCD_DisplayChar   stm324xg_eval_lcd.o
    0x08001354   0x00000038   Code   RO         6078    i.LCD_DisplayStringLine  stm324xg_eval_lcd.o
    0x0800138c   0x00000034   Code   RO         6079    i.LCD_DisplayWelcomeStr  stm324xg_eval_lcd.o
    0x080013c0   0x00000098   Code   RO         6080    i.LCD_DrawChar      stm324xg_eval_lcd.o
    0x08001458   0x0000006a   Code   RO         6081    i.LCD_DrawChinaChar  stm324xg_eval_lcd.o
    0x080014c2   0x0000006e   Code   RO         6089    i.LCD_FSMCConfig    stm324xg_eval_lcd.o
    0x08001530   0x0000000c   Code   RO         6092    i.LCD_GetFont       stm324xg_eval_lcd.o
    0x0800153c   0x000000e0   Code   RO          145    i.LCD_LED_Init      main.o
    0x0800161c   0x0000000a   Code   RO         6099    i.LCD_ReadReg       stm324xg_eval_lcd.o
    0x08001626   0x00000002   PAD
    0x08001628   0x0000000c   Code   RO         6100    i.LCD_SetBackColor  stm324xg_eval_lcd.o
    0x08001634   0x0000000c   Code   RO         6101    i.LCD_SetColors     stm324xg_eval_lcd.o
    0x08001640   0x00000058   Code   RO         6102    i.LCD_SetCursor     stm324xg_eval_lcd.o
    0x08001698   0x0000000c   Code   RO         6106    i.LCD_SetTextColor  stm324xg_eval_lcd.o
    0x080016a4   0x0000000a   Code   RO         6111    i.LCD_WriteReg      stm324xg_eval_lcd.o
    0x080016ae   0x00000002   PAD
    0x080016b0   0x00000020   Code   RO          466    i.MemManage_Handler  stm32f4xx_it.o
    0x080016d0   0x00000002   Code   RO          467    i.NMI_Handler       stm32f4xx_it.o
    0x080016d2   0x00000002   PAD
    0x080016d4   0x00000064   Code   RO         3262    i.NVIC_Init         misc.o
    0x08001738   0x00000060   Code   RO         6461    i.Printf_Init       printf.o
    0x08001798   0x00000018   Code   RO         4130    i.RCC_AHB1PeriphClockCmd  stm32f4xx_rcc.o
    0x080017b0   0x00000018   Code   RO         4132    i.RCC_AHB1PeriphResetCmd  stm32f4xx_rcc.o
    0x080017c8   0x00000018   Code   RO         4136    i.RCC_AHB3PeriphClockCmd  stm32f4xx_rcc.o
    0x080017e0   0x00000018   Code   RO         4139    i.RCC_APB1PeriphClockCmd  stm32f4xx_rcc.o
    0x080017f8   0x00000018   Code   RO         4141    i.RCC_APB1PeriphResetCmd  stm32f4xx_rcc.o
    0x08001810   0x00000018   Code   RO         4142    i.RCC_APB2PeriphClockCmd  stm32f4xx_rcc.o
    0x08001828   0x00000098   Code   RO         4151    i.RCC_GetClocksFreq  stm32f4xx_rcc.o
    0x080018c0   0x00000774   Code   RO         6113    i.STM324xG_LCD_Init  stm324xg_eval_lcd.o
    0x08002034   0x000000dc   Code   RO         6366    i.STM_EVAL_COMInit  stm324xg_eval.o
    0x08002110   0x00000048   Code   RO         6367    i.STM_EVAL_LEDInit  stm324xg_eval.o
    0x08002158   0x0000001c   Code   RO         6370    i.STM_EVAL_LEDToggle  stm324xg_eval.o
    0x08002174   0x0000009c   Code   RO            2    i.SetSysClock       system_stm32f4xx.o
    0x08002210   0x0000004c   Code   RO          470    i.SysTick_Handler   stm32f4xx_it.o
    0x0800225c   0x0000007c   Code   RO            3    i.SystemCoreClockUpdate  system_stm32f4xx.o
    0x080022d8   0x00000050   Code   RO            4    i.SystemInit        system_stm32f4xx.o
    0x08002328   0x0000000e   Code   RO          149    i.ToggleLed4        main.o
    0x08002336   0x00000002   PAD
    0x08002338   0x00000060   Code   RO          471    i.USART1_IRQHandler  stm32f4xx_it.o
    0x08002398   0x0000000c   Code   RO         3079    i.USART_ClearITPendingBit  stm32f4xx_usart.o
    0x080023a4   0x00000014   Code   RO         3082    i.USART_Cmd         stm32f4xx_usart.o
    0x080023b8   0x0000000e   Code   RO         3085    i.USART_GetFlagStatus  stm32f4xx_usart.o
    0x080023c6   0x0000003e   Code   RO         3086    i.USART_GetITStatus  stm32f4xx_usart.o
    0x08002404   0x00000030   Code   RO         3088    i.USART_ITConfig    stm32f4xx_usart.o
    0x08002434   0x000000b8   Code   RO         3089    i.USART_Init        stm32f4xx_usart.o
    0x080024ec   0x00000008   Code   RO         3096    i.USART_ReceiveData  stm32f4xx_usart.o
    0x080024f4   0x00000008   Code   RO         3099    i.USART_SendData    stm32f4xx_usart.o
    0x080024fc   0x00000020   Code   RO          472    i.UsageFault_Handler  stm32f4xx_it.o
    0x0800251c   0x00000020   Code   RO         7158    i.__0printf$5       mc_w.l(printf5.o)
    0x0800253c   0x0000000e   Code   RO         7327    i.__scatterload_copy  mc_w.l(handlers.o)
    0x0800254a   0x00000002   Code   RO         7328    i.__scatterload_null  mc_w.l(handlers.o)
    0x0800254c   0x0000000e   Code   RO         7329    i.__scatterload_zeroinit  mc_w.l(handlers.o)
    0x0800255a   0x00000002   PAD
    0x0800255c   0x000002d0   Code   RO         7165    i._printf_core      mc_w.l(printf5.o)
    0x0800282c   0x00000054   Code   RO          705    i.can1Rec           can_func.o
    0x08002880   0x00000080   Code   RO          706    i.can1Send          can_func.o
    0x08002900   0x00000014   Code   RO         6114    i.delay             stm324xg_eval_lcd.o
    0x08002914   0x0000002c   Code   RO          707    i.doCommand         can_func.o
    0x08002940   0x00000024   Code   RO         6470    i.fputc             printf.o
    0x08002964   0x00000210   Code   RO          150    i.main              main.o
    0x08002b74   0x00000060   Code   RO         6622    i.prvCheckTasksWaitingTermination  tasks.o
    0x08002bd4   0x0000002a   Code   RO         6908    i.prvCopyDataFromQueue  queue.o
    0x08002bfe   0x0000005a   Code   RO         6909    i.prvCopyDataToQueue  queue.o
    0x08002c58   0x00000018   Code   RO         6623    i.prvIdleTask       tasks.o
    0x08002c70   0x00000064   Code   RO         6910    i.prvUnlockQueue    queue.o
    0x08002cd4   0x000000b0   Code   RO         6583    i.pvPortMalloc      heap_2.o
    0x08002d84   0x0000001c   Code   RO         6530    i.pxPortInitialiseStack  port.o
    0x08002da0   0x00000016   Code   RO         6872    i.vListInitialise   list.o
    0x08002db6   0x00000006   Code   RO         6873    i.vListInitialiseItem  list.o
    0x08002dbc   0x00000030   Code   RO         6874    i.vListInsert       list.o
    0x08002dec   0x0000001c   Code   RO         6875    i.vListInsertEnd    list.o
    0x08002e08   0x00000024   Code   RO         6876    i.vListRemove       list.o
    0x08002e2c   0x00000014   Code   RO         6532    i.vPortEnterCritical  port.o
    0x08002e40   0x00000014   Code   RO         6533    i.vPortExitCritical  port.o
    0x08002e54   0x0000003c   Code   RO         6584    i.vPortFree         heap_2.o
    0x08002e90   0x00000010   Code   RO         6534    i.vPortYieldFromISR  port.o
    0x08002ea0   0x00000048   Code   RO         6628    i.vTaskDelay        tasks.o
    0x08002ee8   0x0000007c   Code   RO         6631    i.vTaskIncrementTick  tasks.o
    0x08002f64   0x0000000c   Code   RO         6633    i.vTaskMissedYield  tasks.o
    0x08002f70   0x00000054   Code   RO         6634    i.vTaskPlaceOnEventList  tasks.o
    0x08002fc4   0x00000048   Code   RO         6635    i.vTaskPriorityDisinherit  tasks.o
    0x0800300c   0x00000064   Code   RO         6636    i.vTaskPriorityInherit  tasks.o
    0x08003070   0x00000010   Code   RO         6639    i.vTaskSetTimeOutState  tasks.o
    0x08003080   0x00000044   Code   RO         6640    i.vTaskStartScheduler  tasks.o
    0x080030c4   0x00000010   Code   RO         6643    i.vTaskSuspendAll   tasks.o
    0x080030d4   0x00000088   Code   RO         6644    i.vTaskSwitchContext  tasks.o
    0x0800315c   0x0000003c   Code   RO         6535    i.xPortStartScheduler  port.o
    0x08003198   0x00000020   Code   RO         6536    i.xPortSysTickHandler  port.o
    0x080031b8   0x0000005e   Code   RO         6914    i.xQueueCreate      queue.o
    0x08003216   0x00000044   Code   RO         6916    i.xQueueCreateMutex  queue.o
    0x0800325a   0x00000002   PAD
    0x0800325c   0x00000108   Code   RO         6917    i.xQueueGenericReceive  queue.o
    0x08003364   0x000000d2   Code   RO         6918    i.xQueueGenericSend  queue.o
    0x08003436   0x00000054   Code   RO         6919    i.xQueueGenericSendFromISR  queue.o
    0x0800348a   0x00000002   PAD
    0x0800348c   0x0000004c   Code   RO         6645    i.xTaskCheckForTimeOut  tasks.o
    0x080034d8   0x00000168   Code   RO         6646    i.xTaskGenericCreate  tasks.o
    0x08003640   0x0000000c   Code   RO         6647    i.xTaskGetCurrentTaskHandle  tasks.o
    0x0800364c   0x00000060   Code   RO         6651    i.xTaskRemoveFromEventList  tasks.o
    0x080036ac   0x000000b0   Code   RO         6652    i.xTaskResumeAll    tasks.o
    0x0800375c   0x000011d0   Data   RO         6115    .constdata          stm324xg_eval_lcd.o
    0x0800492c   0x000003a8   Data   RO         6119    .constdata          stm324xg_eval_lcd.o
    0x08004cd4   0x00000080   Data   RO         6377    .constdata          stm324xg_eval.o
    0x08004d54   0x00000020   Data   RO         7325    Region$$Table       anon$$obj.o


    Execution Region RW_IRAM1 (Base: 0x20000000, Size: 0x00005278, Max: 0x00020000, ABSOLUTE)

    Base Addr    Size         Type   Attr      Idx    E Section Name        Object

    0x20000000   0x00000014   Data   RW            5    .data               system_stm32f4xx.o
    0x20000014   0x00000008   Data   RW          416    .data               stm32f4x7_eth_bsp.o
    0x2000001c   0x00000001   Data   RW          684    .data               can_bus.o
    0x2000001d   0x00000003   PAD
    0x20000020   0x00000010   Data   RW          714    .data               can_func.o
    0x20000030   0x00000001   Data   RW          717    .data               can_func.o
    0x20000031   0x00000001   Data   RW          957    .data               timer_func.o
    0x20000032   0x00000002   Data   RW          959    .data               timer_func.o
    0x20000034   0x00000001   Data   RW          960    .data               timer_func.o
    0x20000035   0x00000003   PAD
    0x20000038   0x0000000c   Data   RW         2928    .data               ethernetif.o
    0x20000044   0x00000010   Data   RW         4174    .data               stm32f4xx_rcc.o
    0x20000054   0x00000014   Data   RW         6120    .data               stm324xg_eval_lcd.o
    0x20000068   0x0000003c   Data   RW         6378    .data               stm324xg_eval.o
    0x200000a4   0x00000004   Data   RW         6537    .data               port.o
    0x200000a8   0x00000018   Data   RW         6588    .data               heap_2.o
    0x200000c0   0x0000004c   Data   RW         6655    .data               tasks.o
    0x2000010c   0x00000004   Data   RW         7301    .data               mc_w.l(stdout.o)
    0x20000110   0x00001040   Zero   RW          922    .bss                parking.o
    0x20001150   0x00003c00   Zero   RW         6587    .bss                heap_2.o
    0x20004d50   0x00000122   Zero   RW         6654    .bss                tasks.o
    0x20004e72   0x00000006   PAD
    0x20004e78   0x00000400   Zero   RW          137    STACK               startup_stm32f4xx.o


==============================================================================

Image component sizes


      Code (inc. data)   RO Data    RW Data    ZI Data      Debug   Object Name

         0          0          0          1          0        263   can_bus.o
       772        138          0         17          0     233677   can_func.o
         0          0          0         12          0       2584   ethernetif.o
       236         12          0         24      15360       4891   heap_2.o
       140          0          0          0          0       3265   list.o
       766        458          0          0          0      58206   main.o
       100          8          0          0          0       1064   misc.o
         0          0          0          0          0       1128   netconf.o
         0          0          0          0       4160        581   parking.o
       312         46          0          4          0       5677   port.o
       132         12          0          0          0       1178   printf.o
       952          0          0          0          0       8453   queue.o
        36          8        392          0       1024        732   startup_stm32f4xx.o
       320         26        128         60          0       3915   stm324xg_eval.o
      2994        314       5496         20          0      15088   stm324xg_eval_lcd.o
       112         20          0          0          0       3034   stm32f4x7_eth.o
       188         76          0          8          0       1307   stm32f4x7_eth_bsp.o
      1276         42          0          0          0       9495   stm32f4xx_can.o
        44         10          0          0          0       1224   stm32f4xx_exti.o
       224          4          0          0          0       1993   stm32f4xx_fsmc.o
       388         36          0          0          0       3228   stm32f4xx_gpio.o
      1114        386          0          0          0       6494   stm32f4xx_it.o
       296         54          0         16          0       6422   stm32f4xx_rcc.o
       356         10          0          0          0       6291   stm32f4xx_usart.o
       360         52          0         20          0     270041   system_stm32f4xx.o
      1540        132          0         76        290      16052   tasks.o
         0          0          0          4          0        510   timer_func.o

    ----------------------------------------------------------------------
     12680       1844       6048        268      20840     666793   Object Totals
         0          0         32          0          0          0   (incl. Generated)
        22          0          0          6          6          0   (incl. Padding)

    ----------------------------------------------------------------------

      Code (inc. data)   RO Data    RW Data    ZI Data      Debug   Library Member Name

         0          0          0          0          0          0   entry.o
         8          4          0          0          0          0   entry2.o
         4          0          0          0          0          0   entry5.o
         0          0          0          0          0          0   entry7b.o
         8          4          0          0          0          0   entry8.o
        30          0          0          0          0          0   handlers.o
        36          8          0          0          0         68   init.o
        30          0          0          0          0         68   llshl.o
        32          0          0          0          0         68   llushr.o
        36          0          0          0          0         68   memcpya.o
        38          0          0          0          0        108   memseta.o
       752         54          0          0          0        184   printf5.o
         0          0          0          4          0          0   stdout.o
        24          0          0          0          0         76   strncpy.o
        98          0          0          0          0         92   uldiv.o

    ----------------------------------------------------------------------
      1100         70          0          4          0        732   Library Totals
         4          0          0          0          0          0   (incl. Padding)

    ----------------------------------------------------------------------

      Code (inc. data)   RO Data    RW Data    ZI Data      Debug   Library Name

      1096         70          0          4          0        732   mc_w.l

    ----------------------------------------------------------------------
      1100         70          0          4          0        732   Library Totals

    ----------------------------------------------------------------------

==============================================================================


      Code (inc. data)   RO Data    RW Data    ZI Data      Debug   

     13780       1914       6048        272      20840     660765   Grand Totals
     13780       1914       6048        272      20840     660765   ELF Image Totals
     13780       1914       6048        272          0          0   ROM Totals

==============================================================================

    Total RO  Size (Code + RO Data)                19828 (  19.36kB)
    Total RW  Size (RW Data + ZI Data)             21112 (  20.62kB)
    Total ROM Size (Code + RO Data + RW Data)      20100 (  19.63kB)

==============================================================================

